
Memory Configuration

Name             Origin             Length             Attributes
*default*        0x00000000         0xffffffff

Linker script and memory map

                0xfff00000                . = 0xfff00000

.text           0xfff00000      0xfd8
 *(.text*)
 .text          0xfff00000      0x634 start.o
                0xfff00044                version_string
                0xfff00420                dcache_enable
                0xfff0049c                relocate_code
                0xfff003d0                icache_enable
                0xfff0008c                disable_addr_trans
                0xfff000b4                ppcDWstore
                0xfff00100                _start
                0xfff000ac                get_pvr
                0xfff003f8                icache_disable
                0xfff000c0                ppcDWload
                0xfff00478                flush_dcache
                0xfff0022c                setup_bats
                0xfff0046c                dcache_status
                0xfff001b4                init_e300_core
                0xfff00078                enable_addr_trans
                0xfff00414                icache_status
                0xfff00110                _start_warm
                0xfff0043c                dcache_disable
 .text          0xfff00634       0x44 ticks.o
                0xfff0064c                wait_ticks
                0xfff00634                get_ticks
 .text          0xfff00678      0x2b4 nand_boot_fsl_elbc.o
                0xfff0067c                nand_boot
 .text          0xfff0092c      0x188 mpc8308edd.o
                0xfff00988                board_init_r
                0xfff00998                board_early_init_f
                0xfff0092c                putc
                0xfff00a3c                board_init_f
 .text          0xfff00ab4      0x18c sdram.o
                0xfff00ab8                initdram
 .text          0xfff00c40       0xf0 ns16550.o
                0xfff00ce4                NS16550_putc
                0xfff00c40                NS16550_init
                0xfff00d1c                NS16550_tstc
                0xfff00d00                NS16550_getc
                0xfff00c90                NS16550_reinit
 .text          0xfff00d30       0xe0 nand_init.o
                0xfff00dd0                puts
                0xfff00db8                get_tbclk
                0xfff00d30                cpu_init_f
 .text          0xfff00e10       0xd8 time.o
                0xfff00e2c                usec2ticks
                0xfff00e10                init_timebase
                0xfff00e94                udelay
 .text          0xfff00ee8       0x64 cache.o
                0xfff00ee8                flush_cache
                0xfff00f50                . = ALIGN (0x10)
 *fill*         0xfff00f4c        0x4 00
 *(.rodata*)
 .rodata.str1.4
                0xfff00f50       0x45 nand_boot_fsl_elbc.o
 *fill*         0xfff00f95        0x3 00
 .rodata.str1.4
                0xfff00f98       0x12 mpc8308edd.o
 *fill*         0xfff00faa        0x2 00
 .rodata.str1.4
                0xfff00fac       0x2c sdram.o
                                 0x2b (size before relaxing)
 *(.eh_frame)
                0xfff00fd8                . = ALIGN (0x8)

.data           0xfff00fd8       0x24
 *(.data*)
 .data          0xfff00fd8        0x0 start.o
 .data          0xfff00fd8        0x0 ticks.o
 .data          0xfff00fd8        0x0 nand_boot_fsl_elbc.o
 .data          0xfff00fd8        0x0 mpc8308edd.o
 .data          0xfff00fd8        0x0 sdram.o
 .data          0xfff00fd8        0x0 ns16550.o
 .data          0xfff00fd8        0x0 nand_init.o
 .data          0xfff00fd8        0x0 time.o
 .data          0xfff00fd8        0x0 cache.o
 *(.sdata*)
                0xfff00fd8                _GOT2_TABLE_ = .
 *(.got2)
 .got2          0xfff00fd8        0xc start.o
 .got2          0xfff00fe4       0x10 nand_boot_fsl_elbc.o
 .got2          0xfff00ff4        0x4 mpc8308edd.o
 .got2          0xfff00ff8        0x4 sdram.o
 .got2          0xfff00ffc        0x0 ns16550.o
 .got2          0xfff00ffc        0x0 nand_init.o
 .got2          0xfff00ffc        0x0 time.o
 .got2          0xfff00ffc        0x0 cache.o
                0xfff00fe1                __got2_entries = ((. - _GOT2_TABLE_) >> 0x2)
                0xfff01000                . = ALIGN (0x8)
                0xfff01000                __bss_start = .

.bss            0xfff01000        0x0
 *(.*bss)
 .bss           0xfff01000        0x0 start.o
 .bss           0xfff01000        0x0 ticks.o
 .bss           0xfff01000        0x0 nand_boot_fsl_elbc.o
 .bss           0xfff01000        0x0 mpc8308edd.o
 .bss           0xfff01000        0x0 sdram.o
 .bss           0xfff01000        0x0 ns16550.o
 .bss           0xfff01000        0x0 nand_init.o
 .bss           0xfff01000        0x0 time.o
 .bss           0xfff01000        0x0 cache.o
                0xfff01000                _end = .
                0x00000001                ASSERT ((_end <= 0xfff01000), NAND bootstrap too big)

.rela.dyn       0xfff01000        0x0
 .rela.text     0x00000000        0x0 start.o
 .rela.got2     0x00000000        0x0 start.o
Address of section .text set to 0xfff00000
LOAD start.o
LOAD ticks.o
LOAD nand_boot_fsl_elbc.o
LOAD mpc8308edd.o
LOAD sdram.o
LOAD ns16550.o
LOAD nand_init.o
LOAD time.o
LOAD cache.o
OUTPUT(/home/freddie/Documents/HX/u-boot-2009.11-rc1.2/nand_spl/u-boot-spl elf32-powerpc)

.debug_line     0x00000000      0xaf1
 .debug_line    0x00000000      0x1af start.o
 .debug_line    0x000001af       0x47 ticks.o
 .debug_line    0x000001f6      0x21c nand_boot_fsl_elbc.o
 .debug_line    0x00000412      0x1e6 mpc8308edd.o
 .debug_line    0x000005f8      0x1b5 sdram.o
 .debug_line    0x000007ad       0xbe ns16550.o
 .debug_line    0x0000086b      0x163 nand_init.o
 .debug_line    0x000009ce       0x97 time.o
 .debug_line    0x00000a65       0x8c cache.o

.debug_info     0x00000000     0x8f4c
 .debug_info    0x00000000       0x8a start.o
 .debug_info    0x0000008a       0x8a ticks.o
 .debug_info    0x00000114      0x7c7 nand_boot_fsl_elbc.o
 .debug_info    0x000008db     0x2de3 mpc8308edd.o
 .debug_info    0x000036be     0x298a sdram.o
 .debug_info    0x00006048      0x4b5 ns16550.o
 .debug_info    0x000064fd     0x285a nand_init.o
 .debug_info    0x00008d57      0x114 time.o
 .debug_info    0x00008e6b       0xe1 cache.o

.debug_abbrev   0x00000000      0xa66
 .debug_abbrev  0x00000000       0x14 start.o
 .debug_abbrev  0x00000014       0x14 ticks.o
 .debug_abbrev  0x00000028      0x1eb nand_boot_fsl_elbc.o
 .debug_abbrev  0x00000213      0x230 mpc8308edd.o
 .debug_abbrev  0x00000443      0x241 sdram.o
 .debug_abbrev  0x00000684      0x103 ns16550.o
 .debug_abbrev  0x00000787      0x18f nand_init.o
 .debug_abbrev  0x00000916       0xbf time.o
 .debug_abbrev  0x000009d5       0x91 cache.o

.debug_aranges  0x00000000      0x120
 .debug_aranges
                0x00000000       0x20 start.o
 .debug_aranges
                0x00000020       0x20 ticks.o
 .debug_aranges
                0x00000040       0x20 nand_boot_fsl_elbc.o
 .debug_aranges
                0x00000060       0x20 mpc8308edd.o
 .debug_aranges
                0x00000080       0x20 sdram.o
 .debug_aranges
                0x000000a0       0x20 ns16550.o
 .debug_aranges
                0x000000c0       0x20 nand_init.o
 .debug_aranges
                0x000000e0       0x20 time.o
 .debug_aranges
                0x00000100       0x20 cache.o

.debug_frame    0x00000000      0x258
 .debug_frame   0x00000000       0x50 nand_boot_fsl_elbc.o
 .debug_frame   0x00000050       0x7c mpc8308edd.o
 .debug_frame   0x000000cc       0x34 sdram.o
 .debug_frame   0x00000100       0x74 ns16550.o
 .debug_frame   0x00000174       0x58 nand_init.o
 .debug_frame   0x000001cc       0x68 time.o
 .debug_frame   0x00000234       0x24 cache.o

.debug_loc      0x00000000      0x691
 .debug_loc     0x00000000      0x22f nand_boot_fsl_elbc.o
 .debug_loc     0x0000022f      0x179 mpc8308edd.o
 .debug_loc     0x000003a8       0x78 sdram.o
 .debug_loc     0x00000420       0xe7 ns16550.o
 .debug_loc     0x00000507       0x8e nand_init.o
 .debug_loc     0x00000595       0xca time.o
 .debug_loc     0x0000065f       0x32 cache.o

.debug_pubnames
                0x00000000      0x1a9
 .debug_pubnames
                0x00000000       0x20 nand_boot_fsl_elbc.o
 .debug_pubnames
                0x00000020       0x5b mpc8308edd.o
 .debug_pubnames
                0x0000007b       0x26 sdram.o
 .debug_pubnames
                0x000000a1       0x69 ns16550.o
 .debug_pubnames
                0x0000010a       0x3f nand_init.o
 .debug_pubnames
                0x00000149       0x3e time.o
 .debug_pubnames
                0x00000187       0x22 cache.o

.debug_ranges   0x00000000      0x120
 .debug_ranges  0x00000000       0xf0 nand_boot_fsl_elbc.o
 .debug_ranges  0x000000f0       0x30 sdram.o

.debug_str      0x00000000     0x1267
 .debug_str     0x00000000      0x20f nand_boot_fsl_elbc.o
                                0x263 (size before relaxing)
 .debug_str     0x0000020f      0xf0d mpc8308edd.o
                               0x114d (size before relaxing)
 .debug_str     0x0000111c       0x6d sdram.o
                               0x101d (size before relaxing)
 .debug_str     0x00001189       0x6d ns16550.o
                                0x210 (size before relaxing)
 .debug_str     0x000011f6       0x26 nand_init.o
                                0xfd0 (size before relaxing)
 .debug_str     0x0000121c       0x2c time.o
                                0x121 (size before relaxing)
 .debug_str     0x00001248       0x1f cache.o
                                0x125 (size before relaxing)

.comment        0x00000000       0x7e
 .comment       0x00000000       0x12 nand_boot_fsl_elbc.o
 .comment       0x00000012       0x12 mpc8308edd.o
 .comment       0x00000024       0x12 sdram.o
 .comment       0x00000036       0x12 ns16550.o
 .comment       0x00000048       0x12 nand_init.o
 .comment       0x0000005a       0x12 time.o
 .comment       0x0000006c       0x12 cache.o

.note.GNU-stack
                0x00000000        0x0
 .note.GNU-stack
                0x00000000        0x0 nand_boot_fsl_elbc.o
 .note.GNU-stack
                0x00000000        0x0 mpc8308edd.o
 .note.GNU-stack
                0x00000000        0x0 sdram.o
 .note.GNU-stack
                0x00000000        0x0 ns16550.o
 .note.GNU-stack
                0x00000000        0x0 nand_init.o
 .note.GNU-stack
                0x00000000        0x0 time.o
 .note.GNU-stack
                0x00000000        0x0 cache.o
