Archive member included because of file (symbol)

cpu/mpc83xx/libmpc83xx.a(traps.o)
                              cpu/mpc83xx/start.o (DebugException)
cpu/mpc83xx/libmpc83xx.a(cpu_init.o)
                              cpu/mpc83xx/start.o (cpu_init_f)
cpu/mpc83xx/libmpc83xx.a(speed.o)
                              (__u_boot_cmd_clocks)
cpu/mpc83xx/libmpc83xx.a(interrupts.o)
                              cpu/mpc83xx/start.o (external_interrupt)
lib_ppc/libppc.a(ppcstring.o)
                              cpu/mpc83xx/libmpc83xx.a(cpu_init.o) (memset)
lib_ppc/libppc.a(board.o)     cpu/mpc83xx/start.o (board_init_r)
lib_ppc/libppc.a(extable.o)   cpu/mpc83xx/libmpc83xx.a(traps.o) (search_exception_table)
lib_ppc/libppc.a(interrupts.o)
                              lib_ppc/libppc.a(board.o) (set_timer)
lib_ppc/libppc.a(time.o)      lib_ppc/libppc.a(board.o) (init_timebase)
lib_ppc/libppc.a(ticks.o)     lib_ppc/libppc.a(time.o) (wait_ticks)
net/libnet.a(eth.o)           lib_ppc/libppc.a(board.o) (eth_getenv_enetaddr)
net/libnet.a(net.o)           lib_ppc/libppc.a(board.o) (copy_filename)
net/libnet.a(nfs.o)           net/libnet.a(net.o) (NfsStart)
net/libnet.a(rarp.o)          net/libnet.a(net.o) (RarpTry)
net/libnet.a(tftp.o)          net/libnet.a(net.o) (TftpStart)
net/libnet.a(bootp.o)         net/libnet.a(net.o) (BootpTry)
drivers/mtd/nand/libnand.a(nand.o)
                              lib_ppc/libppc.a(board.o) (nand_init)
drivers/mtd/nand/libnand.a(nand_base.o)
                              drivers/mtd/nand/libnand.a(nand.o) (nand_scan)
drivers/mtd/nand/libnand.a(nand_bbt.o)
                              drivers/mtd/nand/libnand.a(nand_base.o) (nand_isbad_bbt)
drivers/mtd/nand/libnand.a(nand_ecc.o)
                              drivers/mtd/nand/libnand.a(nand_base.o) (nand_calculate_ecc)
drivers/mtd/nand/libnand.a(nand_ids.o)
                              drivers/mtd/nand/libnand.a(nand_base.o) (nand_flash_ids)
drivers/mtd/nand/libnand.a(fsl_elbc_nand.o)
                              drivers/mtd/nand/libnand.a(nand.o) (board_nand_init)
drivers/serial/libserial.a(serial.o)
                              lib_ppc/libppc.a(board.o) (serial_init)
drivers/serial/libserial.a(ns16550.o)
                              drivers/serial/libserial.a(serial.o) (NS16550_init)
common/libcommon.a(cmd_bdinfo.o)
                              (__u_boot_cmd_bdinfo)
common/libcommon.a(cmd_boot.o)
                              (__u_boot_cmd_go)
common/libcommon.a(cmd_bootm.o)
                              lib_ppc/libppc.a(board.o) (load_addr)
common/libcommon.a(cmd_console.o)
                              (__u_boot_cmd_coninfo)
common/libcommon.a(cmd_fdt.o)
                              common/libcommon.a(cmd_bootm.o) (set_working_fdt_addr)
common/libcommon.a(cmd_itest.o)
                              (__u_boot_cmd_itest)
common/libcommon.a(cmd_jffs2.o)
                              (__u_boot_cmd_fsload)
common/libcommon.a(cmd_load.o)
                              (__u_boot_cmd_loads)
common/libcommon.a(cmd_mem.o)
                              (__u_boot_cmd_md)
common/libcommon.a(cmd_mii.o)
                              (__u_boot_cmd_mii)
common/libcommon.a(cmd_misc.o)
                              (__u_boot_cmd_sleep)
common/libcommon.a(cmd_mtdparts.o)
                              common/libcommon.a(cmd_jffs2.o) (current_mtd_dev)
common/libcommon.a(cmd_nand.o)
                              (__u_boot_cmd_nand)
common/libcommon.a(cmd_net.o)
                              (__u_boot_cmd_bootp)
common/libcommon.a(cmd_nvedit.o)
                              net/libnet.a(eth.o) (get_env_id)
common/libcommon.a(cmd_source.o)
                              (__u_boot_cmd_source)
common/libcommon.a(cmd_ubi.o)
                              (__u_boot_cmd_ubi)
common/libcommon.a(cmd_ubifs.o)
                              (__u_boot_cmd_ubifsmount)
common/libcommon.a(cmd_ximg.o)
                              (__u_boot_cmd_imxtract)
common/libcommon.a(command.o)
                              common/libcommon.a(cmd_itest.o) (cmd_get_data_size)
common/libcommon.a(console.o)
                              cpu/mpc83xx/libmpc83xx.a(traps.o) (printf)
common/libcommon.a(dlmalloc.o)
                              drivers/mtd/nand/libnand.a(nand_base.o) (free)
common/libcommon.a(env_common.o)
                              common/libcommon.a(cmd_nvedit.o) (env_get_addr)
common/libcommon.a(env_nand.o)
                              common/libcommon.a(env_common.o) (env_get_char_spec)
common/libcommon.a(exports.o)
                              lib_ppc/libppc.a(board.o) (jumptable_init)
common/libcommon.a(fdt_support.o)
                              common/libcommon.a(cmd_fdt.o) (fdt_resize)
common/libcommon.a(hush.o)    common/libcommon.a(cmd_bootm.o) (parse_string_outer)
common/libcommon.a(image.o)   common/libcommon.a(cmd_ximg.o) (image_multi_count)
common/libcommon.a(main.o)    common/libcommon.a(cmd_nvedit.o) (do_run)
common/libcommon.a(miiphyutil.o)
[...]
Memory Configuration

Name             Origin             Length             Attributes
*default*        0x00000000         0xffffffff

Linker script and memory map

                0x00000074                . = SIZEOF_HEADERS

.interp
 *(.interp)

.hash
 *(.hash)

.dynsym
 *(.dynsym)

.dynstr
 *(.dynstr)

.rela.dyn       0x00000074        0x0
 .rela.got2     0x00000000        0x0 cpu/mpc83xx/start.o
 .rela.data.rel
                0x00000000        0x0 cpu/mpc83xx/start.o
 .rela.u_boot_cmd
                0x00000000        0x0 cpu/mpc83xx/start.o

.rel.text
 *(.rel.text)

.rela.text      0x00000074        0x0
 *(.rela.text)
 .rela.text     0x00000000        0x0 cpu/mpc83xx/start.o

.rel.data
 *(.rel.data)

.rela.data
 *(.rela.data)

.rel.rodata
 *(.rel.rodata)

.rela.rodata
 *(.rela.rodata)

.rel.got
 *(.rel.got)

.rela.got
 *(.rela.got)

.rel.ctors
 *(.rel.ctors)

.rela.ctors
 *(.rela.ctors)

.rel.dtors
 *(.rel.dtors)

.rela.dtors
 *(.rela.dtors)

.rel.bss
 *(.rel.bss)

.rela.bss
 *(.rela.bss)

.rel.plt
 *(.rel.plt)

.rela.plt
 *(.rela.plt)

.init
 *(.init)

.plt
 *(.plt)

.text           0x01000000    0x552d4
 cpu/mpc83xx/start.o(.text)
 .text          0x01000000     0x37e8 cpu/mpc83xx/start.o
                0x010001c4                _start_of_vectors
                0x01000044                version_string
                0x010033e4                dcache_enable
                0x01003460                relocate_code
                0x010036f4                unlock_ram_in_cache
                0x01003394                icache_enable
                0x0100008c                disable_addr_trans
                0x010000b4                ppcDWstore
                0x01003000                transfer_to_handler
                0x01000100                _start
                0x010000ac                get_pvr
                0x010033bc                icache_disable
                0x010000c0                ppcDWload
                0x0100343c                flush_dcache
                0x010031f0                setup_bats
                0x01002f98                _end_of_vectors
                0x01003430                dcache_status
                0x01003178                init_e300_core
                0x01000078                enable_addr_trans
                0x010035f0                trap_init
                0x010033d8                icache_status
                0x01000110                _start_warm
                0x01003400                dcache_disable
 *(.text)
 .text          0x010037e8      0x49c cpu/mpc83xx/libmpc83xx.a(traps.o)
                0x010037e8                addr_probe
                0x010037fc                show_regs
                0x01003930                print_backtrace
                0x01003c2c                UnknownException
                0x01003a90                AlignmentException
                0x01003a40                ProgramCheckException
                0x01003bcc                _exception
                0x010039f0                SoftEmuException
                0x01003ae0                MachineCheckException
                0x010038e0                DebugException
 .text          0x01003c84      0x240 cpu/mpc83xx/libmpc83xx.a(cpu_init.o)
                0x01003c88                prt_83xx_rsr
                0x01003d64                cpu_init_f
                0x01003d20                cpu_init_r
 .text          0x01003ec4      0x43c cpu/mpc83xx/libmpc83xx.a(speed.o)
                0x01003ec8                get_clocks
                0x010041a0                get_bus_freq
                0x010041b4                do_clocks
 .text          0x01004300       0x60 cpu/mpc83xx/libmpc83xx.a(interrupts.o)
                0x01004300                interrupt_init_cpu
                0x01004330                external_interrupt
                0x01004348                irq_free_handler
                0x0100433c                irq_install_handler
                0x01004354                timer_interrupt_cpu
 .text          0x01004360      0x29c lib_ppc/libppc.a(ppcstring.o)
                0x01004360                strcpy
                0x01004478                memmove
                0x01004480                memcpy
                0x010043a4                strcat
                0x010045d4                memchr
                0x0100437c                strncpy
                0x01004468                bcopy
                0x010045a4                memcmp
                0x0100451c                backwards_memcpy
                0x0100440c                memset
                0x010043d0                strcmp
                0x010043f4                strlen
 .text          0x010045fc      0x388 lib_ppc/libppc.a(board.o)
                0x01004724                hang
                0x0100475c                board_init_r
                0x010045fc                __board_add_ram_info
                0x01004894                board_init_f
                0x010045fc                board_add_ram_info
                0x01004608                get_effective_memsize
 .text          0x01004984       0x6c lib_ppc/libppc.a(extable.o)
                0x01004988                search_exception_table
 .text          0x010049f0      0x1c4 lib_ppc/libppc.a(interrupts.o)
                0x01004a7c                set_timer
                0x010049f4                reset_timer
                0x01004ad4                interrupt_init
                0x01004a38                get_timer
                0x01004b5c                timer_interrupt
                0x01004b3c                disable_interrupts
                0x01004ab8                enable_interrupts
 .text          0x01004bb4      0x110 lib_ppc/libppc.a(time.o)
                0x01004c08                usec2ticks
                0x01004bb4                init_timebase
                0x01004c70                udelay
                0x01004bd0                ticks2usec
 .text          0x01004cc4       0x44 lib_ppc/libppc.a(ticks.o)
                0x01004cdc                wait_ticks
                0x01004cc4                get_ticks
 .text          0x01004d08      0xa5c net/libnet.a(eth.o)
                0x01004fc0                eth_get_dev_by_name
                0x01004e48                eth_halt
                0x010051dc                eth_register
                0x01005370                eth_getenv_enetaddr
                0x01004d1c                eth_get_dev
                0x010052f0                eth_parse_enetaddr
                0x0100510c                eth_try_another
                0x010053f0                eth_getenv_enetaddr_by_index
                0x0100554c                eth_initialize
                0x01005044                eth_set_current
                0x01004f14                eth_rx
                0x01004dcc                eth_get_dev_index
                0x0100545c                eth_init
                0x01005298                eth_setenv_enetaddr
                0x01004f70                eth_get_name
                0x01004d5c                eth_get_dev_by_index
                0x01004eac                eth_send
 .text          0x01005764     0x15e4 net/libnet.a(net.o)
                0x01005a60                getenv_IPaddr
                0x01005860                NetCksumOk
                0x01005b80                NetSetTimeout
                0x010058f8                copy_filename
                0x01005894                NetEthHdrSize
                0x01005afc                ip_to_string
                0x010068a8                ArpTimeoutCheck
                0x01005e68                NetReceive
                0x010059d0                string_to_ip
                0x01006600                NetSendUDPPacket
                0x01005be0                NetSetEther
                0x01006944                NetLoop
                0x01006358                ArpRequest
                0x01005b50                random_port
                0x01005a88                VLAN_to_string
                0x010059ac                getenv_VLAN
                0x010057f4                NetCksum
                0x01005ca4                NetSetIP
                0x0100595c                string_to_VLAN
                0x010067b4                NetStartAgain
                0x010057b8                NetSetHandler
                0x0100648c                PingSend
                0x01005e44                NetSendPacket
 .text          0x01006d48      0xcdc net/libnet.a(nfs.o)
                0x01007344                NfsStart
 .text          0x01007a24      0x200 net/libnet.a(rarp.o)
                0x01007a28                RarpRequest
 .text          0x01007c24      0x728 net/libnet.a(tftp.o)
                0x01007db0                TftpStart
 .text          0x0100834c      0x6c0 net/libnet.a(bootp.o)
                0x01008430                BootpRequest
 .text          0x01008a0c      0x108 drivers/mtd/nand/libnand.a(nand.o)
                0x01008a10                nand_init
 .text          0x01008b14     0x3fdc drivers/mtd/nand/libnand.a(nand_base.o)
                0x0100b5b0                nand_wait_ready
                0x0100a644                nand_scan_ident
                0x0100ac14                nand_scan
                0x0100bfe4                nand_erase_nand
                0x01009e6c                nand_scan_tail
                0x01009dbc                nand_release
 .text          0x0100caf0     0x1874 drivers/mtd/nand/libnand.a(nand_bbt.o)
                0x0100cc54                nand_isbad_bbt
                0x0100e254                nand_default_bbt
                0x0100daec                nand_update_bbt
                0x0100de28                nand_scan_bbt
 .text          0x0100e364      0x260 drivers/mtd/nand/libnand.a(nand_ecc.o)
                0x0100e484                nand_correct_data
                0x0100e368                nand_calculate_ecc
 .text          0x0100e5c4        0x0 drivers/mtd/nand/libnand.a(nand_ids.o)
 .text          0x0100e5c4      0xda0 drivers/mtd/nand/libnand.a(fsl_elbc_nand.o)
                0x0100ecb0                board_nand_init
 .text          0x0100f364      0x368 drivers/serial/libserial.a(serial.o)
                0x0100f390                _serial_setbrg
                0x0100f540                serial_putc_raw
                0x0100f3e8                serial_setbrg
                0x0100f410                _serial_tstc
                0x0100f458                serial_tstc
                0x0100f5dc                serial_putc
                0x0100f600                _serial_puts
                0x0100f4f0                _serial_putc_raw
                0x0100f66c                serial_init
                0x0100f648                serial_puts
                0x0100f480                _serial_getc
                0x0100f4c8                serial_getc
                0x0100f568                _serial_putc
 .text          0x0100f6cc       0xf0 drivers/serial/libserial.a(ns16550.o)
                0x0100f770                NS16550_putc
                0x0100f6cc                NS16550_init
                0x0100f7a8                NS16550_tstc
                0x0100f78c                NS16550_getc
                0x0100f71c                NS16550_reinit
 .text          0x0100f7bc      0x218 common/libcommon.a(cmd_bdinfo.o)
                0x0100f8d4                do_bdinfo
 .text          0x0100f9d4       0xcc common/libcommon.a(cmd_boot.o)
                0x0100fa04                do_go
                0x0100f9d4                do_go_exec
 .text          0x0100faa0      0xdf4 common/libcommon.a(cmd_bootm.o)
                0x0100fe08                do_bootd
                0x0100faac                __arch_lmb_reserve
                0x0100fab8                arch_preboot_os
                0x0101060c                do_bootm
                0x01010384                do_bootm_subcommand
                0x0100faa0                board_lmb_reserve
                0x0100faa0                __board_lmb_reserve
                0x0100fab8                __arch_preboot_os
                0x0100fd68                do_iminfo
 .text          0x01010894       0xf4 common/libcommon.a(cmd_console.o)
                0x01010898                do_coninfo
 .text          0x01010988      0xed4 common/libcommon.a(cmd_fdt.o)
                0x01010c4c                set_working_fdt_addr
                0x01010cb0                do_fdt
 .text          0x0101185c      0x368 common/libcommon.a(cmd_itest.o)
                0x01011908                binary_test
                0x01011b08                do_itest
 .text          0x01011bc4      0x318 common/libcommon.a(cmd_jffs2.o)
                0x01011c88                do_jffs2_fsinfo
                0x01011d0c                do_jffs2_ls
                0x01011d98                do_jffs2_fsload
 .text          0x01011edc      0xf68 common/libcommon.a(cmd_load.o)
                0x01012000                k_data_init
                0x010121e8                s1_sendpacket
                0x01012230                handle_send_packet
                0x010120a8                k_data_restore
                0x01012424                send_nack
                0x01012574                do_load_serial_bin
                0x010120fc                k_data_char
                0x01011f0c                chk1
                0x01012054                k_data_save
                0x01011edc                ktrans
                0x01012190                send_pad
                0x010124b4                send_ack
                0x01012ac4                do_load_serial
 .text          0x01012e44      0xadc common/libcommon.a(cmd_mem.o)
                0x01012f1c                do_mem_base
                0x01013528                do_mem_mw
                0x01012e48                do_mem_crc
                0x010137d8                do_mem_nm
                0x010137f8                do_mem_mm
                0x01013278                do_mem_cp
                0x01012f88                do_mem_mtest
                0x0101338c                do_mem_cmp
                0x01013164                do_mem_loop
                0x0101381c                do_mem_md
 .text          0x01013920      0x82c common/libcommon.a(cmd_mii.o)
                0x01013990                MII_dump_0_to_5
                0x01013c3c                do_mii
 .text          0x0101414c       0x9c common/libcommon.a(cmd_misc.o)
                0x0101414c                do_sleep
 .text          0x010141e8     0x2240 common/libcommon.a(cmd_mtdparts.o)
                0x010148b0                mtd_id_parse
                0x0101575c                mtdparts_init
                0x01015db4                do_mtdparts
                0x01015584                find_dev_and_part
                0x01016348                do_chpart
                0x01015224                mtd_device_validate
 .text          0x01016428     0x1184 common/libcommon.a(cmd_nand.o)
                0x010168dc                do_nandboot
                0x01016d90                do_nand
 .text          0x010175ac      0x3ec common/libcommon.a(cmd_net.o)
                0x0101795c                do_rarpb
                0x010175b0                do_ping
                0x01017970                do_tftpb
                0x01017984                do_bootp
                0x01017948                do_nfs
 .text          0x01017998      0xa1c common/libcommon.a(cmd_nvedit.o)
                0x01017b88                getenv
                0x01017c1c                _do_setenv
                0x01017a58                getenv_r
                0x010182f4                do_printenv
                0x010180d8                setenv
                0x0101799c                get_env_id
                0x01017b34                do_saveenv
                0x01018094                do_setenv
                0x01018154                do_editenv
                0x010179d8                envmatch
 .text          0x010183b4      0x1d4 common/libcommon.a(cmd_source.o)
                0x010183b8                source
                0x0101851c                do_source
 .text          0x01018588      0xe14 common/libcommon.a(cmd_ubi.o)
 .text          0x0101939c      0x220 common/libcommon.a(cmd_ubifs.o)
                0x01019534                do_ubifs_mount
                0x010194a8                do_ubifs_ls
                0x010193a0                do_ubifs_load
 .text          0x010195bc      0x218 common/libcommon.a(cmd_ximg.o)
                0x010195c0                do_imgextract
 .text          0x010197d4      0xa18 common/libcommon.a(command.o)
                0x010199d8                find_cmd_tbl
                0x01019934                do_echo
                0x010198b4                cmd_usage
                0x01019d44                do_exit
                0x01019a98                find_cmd
                0x010197d4                cmd_get_data_size
                0x01019d84                do_test
                0x01019af0                _do_help
                0x01019cd4                do_help
                0x0101986c                do_version
 .text          0x0101a1ec      0x8f4 common/libcommon.a(console.o)
                0x0101a830                console_init_r
                0x0101a6e8                printf
                0x0101a580                console_assign
                0x0101aa28                getc
                0x0101a52c                search_device
                0x0101a66c                puts
                0x0101a508                dbg
                0x0101a938                serial_printf
                0x0101a324                ftstc
                0x0101a5f0                fprintf
                0x0101a9f0                tstc
                0x0101a6a8                vprintf
                0x0101aa64                ctrlc
                0x0101a9b4                putc
                0x0101a440                disable_ctrlc
                0x0101a2c0                fgetc
                0x0101a488                had_ctrlc
                0x0101a388                fputc
                0x0101a514                console_init_f
                0x0101a4c8                clear_ctrlc
                0x0101a768                stdio_print_current_devices
                0x0101a3e4                fputs
 .text          0x0101aae0     0x130c common/libcommon.a(dlmalloc.o)
                0x0101aefc                malloc
                0x0101b68c                pvalloc
                0x0101b7dc                calloc
                0x0101b6e0                malloc_usable_size
                0x0101b8ec                mem_malloc_init
                0x0101b94c                realloc
                0x0101ab5c                malloc_trim
                0x0101aae4                sbrk
                0x0101b730                mallopt
                0x0101b558                memalign
                0x0101aed8                cfree
                0x0101b6b8                valloc
                0x0101ac4c                free
 .text          0x0101bdec      0x254 common/libcommon.a(env_common.o)
                0x0101be98                env_get_char
                0x0101be44                env_get_addr
                0x0101bf58                set_default_env
                0x0101bfc4                env_relocate
                0x0101bf00                env_crc_update
                0x0101bdf0                env_get_char_memory
 .text          0x0101c040      0x400 common/libcommon.a(env_nand.o)
                0x0101c308                env_relocate_spec
                0x0101c390                saveenv
                0x0101c068                env_get_char_spec
                0x0101c080                env_init
                0x0101c0cc                writeenv
                0x0101c1c8                readenv
 .text          0x0101c440      0x114 common/libcommon.a(exports.o)
                0x0101c460                jumptable_init
                0x0101c44c                get_version
 .text          0x0101c554      0xe58 common/libcommon.a(fdt_support.o)
                0x0101d088                do_fixup_by_path_u32
                0x0101cde4                do_fixup_by_compat_u32
                0x0101d0b8                do_fixup_by_prop
                0x0101d1b0                fdt_chosen
                0x0101cd38                do_fixup_by_compat
                0x0101cf0c                fdt_fixup_ethernet
                0x0101ca88                fdt_fixup_memory
                0x0101c638                fdt_fixup_crypto_node
                0x0101cea8                do_fixup_by_path
                0x0101c85c                fdt_initrd
                0x0101c554                fdt_resize
                0x0101ce14                fdt_find_and_setprop
                0x0101d17c                do_fixup_by_prop_u32
                0x0101ca28                fdt_getprop_u32_default
 .text          0x0101d3ac     0x21d8 common/libcommon.a(hush.o)
                0x0101d790                new_pipe
                0x0101d584                mapset
                0x0101ed00                parse_string_outer
                0x0101e0e4                update_ifs_map
                0x0101def8                set_local_var
                0x0101ec98                parse_file_outer
                0x0101d3d8                simple_itoa
                0x0101d848                unset_local_var
                0x0101d61c                do_showvar
                0x0101e380                reserved_word
                0x0101d7d0                u_boot_hush_start
 .text          0x0101f584     0x1060 common/libcommon.a(image.o)
                0x0101f744                boot_get_kbd
                0x0101f878                getenv_bootm_size
                0x0101ff0c                image_print_contents
                0x0101fcec                genimg_get_comp_id
                0x0101fdd0                genimg_get_os_id
                0x0101f5c8                get_table_entry_name
                0x0101f734                genimg_has_config
                0x0101f7e4                boot_get_cmdline
                0x0101fd84                genimg_get_arch_id
                0x0101f648                genimg_get_arch_name
                0x01020394                boot_get_ramdisk
                0x010200d0                image_check_hcrc
                0x0101f600                genimg_get_os_name
                0x0101f694                genimg_get_type_name
                0x0101f9a8                genimg_get_format
                0x0101f6e0                genimg_get_comp_name
                0x01020084                image_check_dcrc
                0x01020138                boot_get_fdt
                0x0101fe18                genimg_print_size
                0x0101f8d8                getenv_bootm_low
                0x0101f728                genimg_get_image
                0x0101fd38                genimg_get_type_id
                0x0101f584                image_multi_count
                0x0101f934                memmove_wd
                0x0101f9f4                boot_relocate_fdt
                0x0101fc7c                get_table_entry_id
                0x0101fb30                boot_ramdisk_high
                0x0101fe68                image_multi_getimg
                0x0101f7a0                getenv_yesno
 .text          0x010205e4     0x11f4 common/libcommon.a(main.o)
                0x010205e4                __show_boot_progress
                0x01020758                run_command
                0x010206bc                do_run
                0x010205f4                parse_line
                0x01021698                readline
                0x010205e4                show_boot_progress
                0x010216e4                main_loop
                0x01020dd4                readline_into_buffer
 .text          0x010217d8      0x754 common/libcommon.a(miiphyutil.o)
                0x01021bd4                miiphy_speed
                0x01021d74                miiphy_info
                0x01021c98                miiphy_reset
                0x01021888                miiphy_set_current_dev
                0x0102190c                miiphy_listdev
                0x01021874                miiphy_is_1000base_x
                0x01021a54                miiphy_read
                0x01021828                miiphy_get_current_dev
                0x01021b10                miiphy_duplex
                0x01021998                miiphy_write
                0x01021e20                miiphy_register
                0x010217dc                miiphy_init
 .text          0x01021f2c      0x310 common/libcommon.a(s_record.o)
                0x01021fd4                srec_decode
 .text          0x0102223c      0x238 common/libcommon.a(stdio.o)
                0x0102227c                stdio_clone
                0x01022240                stdio_get_list
                0x010223fc                stdio_get_by_name
                0x0102235c                stdio_init
                0x010222ec                stdio_register
 .text          0x01022474      0xba4 common/libcommon.a(xyzModem.o)
                0x010225c4                xyzModem_error
                0x01022664                xyzModem_stream_close
                0x010226f4                CYGACC_COMM_IF_GETC_TIMEOUT
                0x01022474                parse_num
                0x010227c4                xyzModem_stream_terminate
                0x01022e78                xyzModem_stream_open
                0x010226d0                CYGACC_COMM_IF_PUTC
                0x01022ba8                xyzModem_stream_read
 .text          0x01023018      0x3d4 libfdt/libfdt.a(fdt.o)
                0x01023088                fdt_offset_ptr
                0x01023318                fdt_move
                0x01023378                _fdt_find_string
                0x010231e0                _fdt_check_node_offset
                0x01023018                fdt_check_header
                0x0102322c                fdt_next_node
                0x010230d4                fdt_next_tag
 .text          0x010233ec      0xc3c libfdt/libfdt.a(fdt_ro.o)
                0x01023774                fdt_getprop_namelen
                0x0102360c                fdt_parent_offset
                0x01023aec                fdt_get_property
                0x01023c30                fdt_path_offset
                0x010238c8                fdt_node_offset_by_compatible
                0x01023960                fdt_node_offset_by_prop_value
                0x01023b40                fdt_subnode_offset_namelen
                0x010235cc                fdt_node_depth
                0x01023420                fdt_num_mem_rsv
                0x010237a8                fdt_getprop
                0x01023de4                fdt_subnode_offset
                0x010234f0                fdt_supernode_atdepth_offset
                0x01023660                fdt_get_property_namelen
                0x01023a20                fdt_node_offset_by_phandle
                0x01023da0                fdt_get_alias
                0x01023a8c                fdt_get_phandle
                0x01023e30                fdt_get_name
                0x01023408                fdt_string
                0x01023d38                fdt_get_alias_namelen
                0x01023800                fdt_node_check_compatible
                0x01023474                fdt_get_mem_rsv
                0x01023eb8                fdt_get_path
 .text          0x01024028      0xaac libfdt/libfdt.a(fdt_rw.o)
                0x01024680                fdt_setprop
                0x0102460c                fdt_delprop
                0x010248d8                fdt_pack
                0x01024374                fdt_add_mem_rsv
                0x010245a0                fdt_add_subnode
                0x01024940                fdt_open_into
                0x01024408                fdt_del_node
                0x0102482c                fdt_set_name
                0x0102448c                fdt_add_subnode_namelen
                0x010242f8                fdt_del_mem_rsv
 .text          0x01024ad4       0x78 libfdt/libfdt.a(fdt_strerror.o)
                0x01024ad8                fdt_strerror
 .text          0x01024b4c      0x1a8 libfdt/libfdt.a(fdt_wip.o)
                0x01024b8c                _fdt_node_end_offset
                0x01024c4c                fdt_nop_property
                0x01024c90                fdt_setprop_inplace
                0x01024bf4                fdt_nop_node
 .text          0x01024cf4      0x208 board/freescale/mpc8308edd/libmpc8308edd.a(mpc8308edd.o)
                0x01024cf4                board_eth_init
                0x01024e5c                board_early_init_f
                0x01024d3c                checkboard
                0x01024d18                ft_board_setup
                0x01024d84                fdt_tsec1_fixup
 .text          0x01024efc       0xb0 board/freescale/mpc8308edd/libmpc8308edd.a(sdram.o)
                0x01024f00                initdram
 .text          0x01024fac       0x8c lib_generic/libgeneric.a(crc16.o)
                0x01024fb0                cyg_crc16
 .text          0x01025038      0x2b8 lib_generic/libgeneric.a(crc32.o)
                0x0102503c                crc32
                0x010252d0                crc32_wd
                0x0102518c                crc32_no_comp
 .text          0x010252f0        0x0 lib_generic/libgeneric.a(ctype.o)
 .text          0x010252f0      0x2cc lib_generic/libgeneric.a(display_options.o)
                0x01025410                print_buffer
                0x010253c8                display_options
                0x010252f4                print_size
 .text          0x010255bc      0x23c lib_generic/libgeneric.a(gunzip.o)
                0x010256c4                gunzip
                0x010257a8                zfree
                0x010255c0                zunzip
                0x010257cc                zalloc
 .text          0x010257f8      0x670 lib_generic/libgeneric.a(lmb.o)
                0x01025bfc                lmb_overlaps_region
                0x01025ad4                lmb_add
                0x010257f8                lmb_dump_all
                0x01025ae0                lmb_free
                0x01025de8                lmb_alloc_base
                0x01025e44                lmb_alloc
                0x01025cb4                __lmb_alloc_base
                0x0102589c                lmb_init
                0x01025c64                lmb_is_reserved
                0x01025bec                lmb_reserve
 .text          0x01025e68      0x47c lib_generic/libgeneric.a(string.o)
                0x0102618c                memscan
                0x01026138                strswab
                0x01025f60                strnlen
                0x010261b8                strrchr
                0x0102620c                strstr
                0x01025edc                strncmp
                0x01026028                strtok
                0x01025e68                strncat
                0x0102628c                strdup
                0x010260e0                strsep
                0x01025f94                strspn
                0x01025f2c                strchr
                0x01025fe0                strpbrk
 .text          0x010262e4       0x80 lib_generic/libgeneric.a(strmhz.o)
                0x010262e8                strmhz
 .text          0x01026364     0x1234 lib_generic/libgeneric.a(vsprintf.o)
                0x01026ca8                vsprintf
                0x01026504                ustrtoul
                0x010264c8                simple_strtol
                0x010266c8                panic
                0x0102753c                sprintf
                0x010263c4                simple_strtoul
 .text          0x01027598     0x27cc lib_generic/libgeneric.a(zlib.o)
                0x01028564                inflate
                0x0102759c                inflate_fast
                0x01028150                inflateInit_
                0x0102822c                adler32
                0x01028518                zcfree
                0x01027f58                inflateReset
                0x0102853c                zcalloc
                0x0102817c                inflateEnd
                0x01028018                inflateInit2_
                0x01027a3c                inflate_table
 .text          0x01029d64      0x110 lib_generic/libgeneric.a(div64.o)
                0x01029d64                __div64_32
 .text          0x01029e74      0x37c cpu/mpc83xx/libmpc83xx.a(cpu.o)
                0x01029e8c                cpu_mmc_init
                0x01029e9c                cpu_eth_init
                0x01029e74                get_tbclk
                0x01029ec4                do_reset
                0x01029f5c                upmconfig
                0x0102a06c                checkcpu
 .text          0x0102a1f0      0x1b8 cpu/mpc83xx/libmpc83xx.a(fdt.o)
                0x0102a1f4                ft_cpu_setup
 .text          0x0102a3a8      0x434 lib_ppc/libppc.a(bootm.o)
                0x0102a554                arch_lmb_reserve
                0x0102a608                do_bootm_linux
 .text          0x0102a7dc       0x64 lib_ppc/libppc.a(cache.o)
                0x0102a7dc                flush_cache
 .text          0x0102a840     0x1540 fs/jffs2/libjffs2.a(jffs2_1pass.o)
                0x0102b4d8                jffs2_1pass_load
                0x0102b13c                jffs2_1pass_info
                0x0102b820                jffs2_1pass_ls
                0x0102aa54                jffs2_1pass_rescan_needed
                0x0102a844                mkmodestr
                0x0102ac08                jffs2_free_cache
 .text          0x0102bd80      0x108 fs/jffs2/libjffs2.a(compr_rtime.o)
                0x0102bd80                rtime_decompress
 .text          0x0102be88      0x15c fs/jffs2/libjffs2.a(compr_rubin.o)
                0x0102bf94                dynrubin_decompress
                0x0102be88                rubin_do_decompress
 .text          0x0102bfe4       0x4c fs/jffs2/libjffs2.a(compr_zlib.o)
                0x0102bfe8                zlib_decompress
 .text          0x0102c030      0x9e0 fs/jffs2/libjffs2.a(mini_inflate.o)
                0x0102c46c                decompress_block
                0x0102c078                pull_bits
                0x0102c0e4                pull_bit
                0x0102c030                cramfs_memset
 .text          0x0102ca10      0xf88 fs/ubifs/libubifs.a(ubifs.o)
                0x0102cf24                ubifs_ls
                0x0102d500                ubifs_decompress
                0x0102d600                ubifs_load
                0x0102d92c                ubifs_compressors_init
 .text          0x0102d998     0x16fc fs/ubifs/libubifs.a(super.o)
                0x0102ddc8                iget_locked
                0x0102de34                ubifs_iget
                0x0102dc7c                iput
                0x0102efc0                ubifs_mount
                0x0102dc18                ubifs_iput
                0x0102dd0c                sget
                0x0102dc58                ubifs_init
 .text          0x0102f094      0x968 fs/ubifs/libubifs.a(sb.o)
                0x0102f2b4                ubifs_read_superblock
                0x0102f230                ubifs_read_sb_node
 .text          0x0102f9fc      0xd0c fs/ubifs/libubifs.a(master.o)
                0x0102fae4                ubifs_read_master
 .text          0x01030708     0x1604 fs/ubifs/libubifs.a(lpt.o)
                0x01031214                ubifs_get_pnode
                0x01031a28                ubifs_lpt_lookup
                0x010319d4                ubifs_get_nnode
                0x01030770                ubifs_unpack_bits
                0x010315dc                ubifs_calc_lpt_geom
                0x01030938                ubifs_add_nnode_dirt
                0x01031aec                ubifs_lpt_lookup_dirty
                0x01030fdc                ubifs_read_nnode
                0x010308fc                ubifs_add_lpt_dirt
                0x01030ba4                ubifs_lpt_init
                0x01030d9c                ubifs_unpack_nnode
 .text          0x01031d0c      0x218 fs/ubifs/libubifs.a(lpt_commit.o)
                0x01031d0c                ubifs_lpt_free
 .text          0x01031f24      0x73c fs/ubifs/libubifs.a(scan.o)
                0x01032388                ubifs_start_scan
                0x01031f48                ubifs_scan_destroy
                0x010321f8                ubifs_scan_a_node
                0x01031f24                ubifs_end_scan
                0x01032000                ubifs_add_snod
                0x01031fb4                ubifs_scanned_corruption
                0x01032474                ubifs_scan
 .text          0x01032660      0xca4 fs/ubifs/libubifs.a(lprops.o)
                0x010332bc                ubifs_fast_find_freeable
                0x01032b9c                ubifs_add_to_cat
                0x01032a54                ubifs_categorize_lprops
                0x0103323c                ubifs_update_one_lp
                0x0103310c                ubifs_ensure_cat
                0x01032b1c                ubifs_fast_find_free
                0x010329e8                ubifs_replace_cat
                0x010331f0                ubifs_read_one_lp
                0x01032b44                ubifs_fast_find_frdi_idx
                0x01032d84                ubifs_change_lp
                0x01033170                ubifs_change_one_lp
                0x01032b68                ubifs_get_lp_stats
                0x010332e0                ubifs_fast_find_empty
 .text          0x01033304     0x2f6c fs/ubifs/libubifs.a(tnc.o)
                0x01034ed0                ubifs_tnc_add
                0x01034fa4                ubifs_tnc_remove_nm
                0x01035b48                ubifs_tnc_add_nm
                0x0103617c                ubifs_tnc_lookup_nm
                0x01035d20                ubifs_tnc_remove_ino
                0x01033d28                insert_old_idx_znode
                0x010358fc                ubifs_tnc_bulk_read
                0x0103552c                ubifs_tnc_replace
                0x01035090                ubifs_lookup_level0
                0x0103540c                ubifs_tnc_next_ent
                0x01035f34                ubifs_tnc_get_bu_keys
                0x01034514                ubifs_tnc_remove
                0x010335fc                destroy_old_idx
                0x010357c0                ubifs_tnc_locate
                0x01035230                ubifs_tnc_remove_range
 .text          0x01036270      0x72c fs/ubifs/libubifs.a(tnc_misc.o)
                0x010364bc                ubifs_tnc_postorder_first
                0x01036570                ubifs_tnc_levelorder_next
                0x01036514                ubifs_tnc_postorder_next
                0x0103669c                ubifs_load_znode
                0x01036408                ubifs_tnc_read_node
                0x01036330                ubifs_search_zbranch
 .text          0x0103699c       0x68 fs/ubifs/libubifs.a(crc16.o)
                0x010369a0                crc16
 .text          0x01036a04      0x134 fs/ubifs/libubifs.a(budget.o)
                0x01036a5c                ubifs_reported_space
                0x01036aa8                ubifs_calc_min_idx_lebs
 .text          0x01036b38      0x5c4 fs/ubifs/libubifs.a(orphan.o)
                0x01036c20                ubifs_clear_orphans
                0x01036cd8                ubifs_mount_orphans
 .text          0x010370fc     0x16a4 fs/ubifs/libubifs.a(recovery.o)
                0x01037e94                ubifs_recover_master_node
                0x010377cc                ubifs_clean_lebs
                0x0103808c                ubifs_recover_leb
                0x0103733c                ubifs_recover_size
                0x01037ad4                ubifs_recover_inl_heads
                0x01037dc4                ubifs_write_rcvrd_mst_node
                0x01038510                ubifs_recover_log_leb
                0x010375ec                ubifs_recover_size_accum
 .text          0x010387a0     0x1490 fs/ubifs/libubifs.a(replay.o)
                0x01038a34                ubifs_validate_entry
                0x01038ba8                ubifs_replay_journal
 .text          0x01039c30      0x6a4 fs/ubifs/libubifs.a(io.o)
                0x0103a178                ubifs_read_node
                0x01039c9c                ubifs_pad
                0x01039f80                ubifs_check_node
                0x01039c34                ubifs_ro_mode
                0x01039d68                ubifs_prepare_node
 .text          0x0103a2d4      0x120 fs/ubifs/libubifs.a(log.o)
                0x0103a2d4                ubifs_search_bud
                0x0103a314                ubifs_add_bud
 .text          0x0103a3f4      0x2c4 drivers/mtd/libmtd.a(mtdcore.o)
                0x0103a454                del_mtd_device
                0x0103a56c                get_mtd_device_nm
                0x0103a608                get_mtd_device
                0x0103a3f8                put_mtd_device
                0x0103a4d4                add_mtd_device
 .text          0x0103a6b8     0x1004 drivers/mtd/libmtd.a(mtdpart.o)
                0x0103b038                del_mtd_partitions
                0x0103b0ec                add_mtd_partitions
                0x0103aad4                mtd_erase_callback
 .text          0x0103b6bc      0x99c drivers/mtd/nand/libnand.a(nand_util.o)
                0x0103ba18                nand_write_skip_bad
                0x0103b828                nand_read_skip_bad
                0x0103bcfc                nand_erase_opts
 .text          0x0103c058      0xe24 drivers/mtd/ubi/libubi.a(build.o)
                0x0103c534                ubi_exit
                0x0103c0b0                ubi_put_device
                0x0103c0cc                ubi_get_by_major
                0x0103c1b4                ubi_mtd_param_parse
                0x0103cce4                ubi_init
                0x0103c440                ubi_detach_mtd_dev
                0x0103c05c                ubi_get_device
                0x0103c5a4                ubi_attach_mtd_dev
                0x0103c144                ubi_major2num
 .text          0x0103ce7c      0xdc0 drivers/mtd/ubi/libubi.a(vtbl.o)
                0x0103d434                ubi_read_volume_table
                0x0103d350                ubi_change_vtbl_record
 .text          0x0103dc3c      0x958 drivers/mtd/ubi/libubi.a(vmt.o)
                0x0103e10c                ubi_create_volume
                0x0103dc60                ubi_add_volume
                0x0103dcf8                ubi_resize_volume
                0x0103dc3c                ubi_free_volume
                0x0103dfac                ubi_remove_volume
 .text          0x0103e594      0x868 drivers/mtd/ubi/libubi.a(upd.o)
                0x0103e5b8                ubi_more_leb_change_data
                0x0103ec78                ubi_start_update
                0x0103e8fc                ubi_more_update_data
                0x0103ebc4                ubi_start_leb_change
 .text          0x0103edfc      0x9c4 drivers/mtd/ubi/libubi.a(kapi.o)
                0x0103ee80                ubi_is_mapped
                0x0103edfc                ubi_get_volume_info
                0x0103f3fc                ubi_close_volume
                0x0103f0a4                ubi_leb_unmap
                0x0103f2bc                ubi_leb_read
                0x0103f124                ubi_leb_erase
                0x0103f484                ubi_get_device_info
                0x0103ef90                ubi_leb_write
                0x0103f1c4                ubi_leb_change
                0x0103f6dc                ubi_open_volume_nm
                0x0103eed4                ubi_leb_map
                0x0103f500                ubi_open_volume
 .text          0x0103f7c0     0x164c drivers/mtd/ubi/libubi.a(eba.o)
                0x010408bc                ubi_eba_atomic_leb_change
                0x0103fd70                ubi_eba_unmap_leb
                0x0103f9a0                ubi_eba_init_scan
                0x0103f810                ubi_eba_close
                0x010405bc                ubi_eba_copy_leb
                0x01040b70                ubi_eba_write_leb_st
                0x0103fe54                ubi_eba_read_leb
                0x010400a0                ubi_eba_write_leb
 .text          0x01040e0c      0xca4 drivers/mtd/ubi/libubi.a(io.o)
                0x010412a0                ubi_io_read_vid_hdr
                0x010418cc                ubi_io_sync_erase
                0x0104117c                ubi_io_read
                0x01040fbc                ubi_io_write
                0x01040f2c                ubi_io_is_bad
                0x0104154c                ubi_io_read_ec_hdr
                0x01041084                ubi_io_write_vid_hdr
                0x01040e80                ubi_io_mark_bad
                0x010410f8                ubi_io_write_ec_hdr
 .text          0x01041ab0     0x1638 drivers/mtd/ubi/libubi.a(wl.o)
                0x01042c3c                ubi_wl_get_peb
                0x01042de0                ubi_wl_init_scan
                0x0104246c                ubi_wl_put_peb
                0x01041fac                ubi_wl_flush
                0x01042360                ubi_wl_scrub_peb
                0x01041c60                ubi_wl_close
                0x01042078                ubi_thread
 .text          0x010430e8     0x13cc drivers/mtd/ubi/libubi.a(scan.o)
                0x0104314c                ubi_scan_find_seb
                0x01043108                ubi_scan_find_sv
                0x01043388                ubi_scan_erase_peb
                0x01043eb0                ubi_scan
                0x0104344c                ubi_scan_rm_volume
                0x01043b30                ubi_scan_destroy_si
                0x010434d8                ubi_scan_add_used
                0x01043d78                ubi_scan_get_free_peb
 .text          0x010444b4      0x150 drivers/mtd/ubi/libubi.a(crc32.o)
                0x010444b8                crc32_le
 .text          0x01044604      0x164 drivers/mtd/ubi/libubi.a(misc.o)
                0x01044670                ubi_calculate_reserved
                0x0104469c                ubi_check_volume
                0x01044604                ubi_calc_data_len
 .text          0x01044768     0x13f0 drivers/net/libnet.a(tsec.o)
                0x01044974                mii_parse_cis8201
                0x010459a8                tsec_eth_init
                0x01044ab8                mii_m88e1111s_setmode
                0x010449fc                mii_parse_dm9161_scsr
                0x0104493c                mii_BCM54xx_wirespeed
                0x01044a90                mii_cis8204_setmode
                0x010447a4                tsec_local_mdio_read
                0x01044cac                mii_parse_lxt971_sr2
                0x0104510c                mii_parse_RTL8211B_sr
                0x0104480c                mii_parse_link
                0x01044d64                phy_run_commands
                0x010449b8                mii_parse_vsc8244
                0x0104502c                mii_parse_BCM54xx_sr
                0x01045370                mii_parse_sr
                0x01044f74                get_phy_info
                0x010447e4                mii_cr_init
                0x01044d18                mii_parse_dp83865_lanr
                0x01045a04                tsec_standard_init
                0x01044a34                mii_cis8204_fixled
                0x010457a8                tsec_initialize
                0x01044be8                mii_88E1121_set_led
                0x01045240                mii_parse_88E1011_psr
 .text          0x01045b58      0x390 common/libcommon.a(hwconfig.o)
                0x01045d14                hwconfig_subarg
                0x01045eb8                hwconfig
                0x01045de0                hwconfig_sub
                0x01045d74                hwconfig_subarg_cmp
                0x01045e40                hwconfig_arg
                0x01045e4c                hwconfig_arg_cmp
 .text          0x01045ee8      0x79c lib_generic/libgeneric.a(rbtree.o)
                0x01046168                rb_last
                0x01046194                rb_next
                0x01045ff0                rb_insert_color
                0x010461f4                rb_prev
                0x010462cc                rb_erase
                0x0104613c                rb_first
                0x01046254                rb_replace_node
 .text          0x01046684      0x554 lib_generic/lzo/liblzo.a(lzo1x_decompress.o)
                0x01046684                lzo1x_decompress_safe
 .text          0x01046bd8       0x48 /home/freddie/Compiler_PowerPC/usr/bin/../lib/gcc/powerpc-linux/4.2.2/m603/pic/libgcc.a(_lshrdi3.o)
                0x01046bd8                __lshrdi3
 .text          0x01046c20       0x48 /home/freddie/Compiler_PowerPC/usr/bin/../lib/gcc/powerpc-linux/4.2.2/m603/pic/libgcc.a(_ashldi3.o)
                0x01046c20                __ashldi3
 .text          0x01046c68       0x48 /home/freddie/Compiler_PowerPC/usr/bin/../lib/gcc/powerpc-linux/4.2.2/m603/pic/libgcc.a(_ashrdi3.o)
                0x01046c68                __ashrdi3
 *(.got1)
                0x01046cb0                . = ALIGN (0x10)
 *(.eh_frame)
 *(SORT(.rodata*))
 .rodata        0x01046cb0       0x28 cpu/mpc83xx/libmpc83xx.a(speed.o)
 .rodata        0x01046cd8        0x7 net/libnet.a(eth.o)
 *fill*         0x01046cdf        0x1 00
 .rodata        0x01046ce0       0x27 net/libnet.a(net.o)
 *fill*         0x01046d07        0x1 00
 .rodata        0x01046d08       0x38 net/libnet.a(nfs.o)
 .rodata        0x01046d40       0x14 net/libnet.a(tftp.o)
 .rodata        0x01046d54        0x5 drivers/mtd/nand/libnand.a(nand.o)
 *fill*         0x01046d59        0x3 00
 .rodata        0x01046d5c       0x6e drivers/mtd/nand/libnand.a(nand_base.o)
 *fill*         0x01046dca        0x2 00
 .rodata        0x01046dcc      0x100 drivers/mtd/nand/libnand.a(nand_ecc.o)
 .rodata        0x01046ecc       0x10 drivers/serial/libserial.a(serial.o)
 .rodata        0x01046edc       0x24 common/libcommon.a(cmd_fdt.o)
 .rodata        0x01046f00       0x30 common/libcommon.a(cmd_itest.o)
 .rodata        0x01046f30       0x28 common/libcommon.a(cmd_nvedit.o)
 .rodata        0x01046f58       0x21 common/libcommon.a(cmd_ubi.o)
 *fill*         0x01046f79        0x3 00
 .rodata        0x01046f7c       0x9c common/libcommon.a(fdt_support.o)
 .rodata        0x01047018       0x20 common/libcommon.a(main.o)
 .rodata        0x01047038       0x28 common/libcommon.a(s_record.o)
 .rodata        0x01047060       0x20 common/libcommon.a(xyzModem.o)
 .rodata        0x01047080       0x24 libfdt/libfdt.a(fdt.o)
 .rodata        0x010470a4      0x400 lib_generic/libgeneric.a(crc32.o)
 .rodata        0x010474a4       0x21 lib_generic/libgeneric.a(vsprintf.o)
                0x010474b4                hex_asc
 *fill*         0x010474c5        0x3 00
 .rodata        0x010474c8      0xa16 lib_generic/libgeneric.a(zlib.o)
 *fill*         0x01047ede        0x2 00
 .rodata        0x01047ee0      0x160 cpu/mpc83xx/libmpc83xx.a(cpu.o)
 .rodata        0x01048040       0xbd fs/jffs2/libjffs2.a(jffs2_1pass.o)
 *fill*         0x010480fd        0x3 00
 .rodata        0x01048100       0x13 fs/jffs2/libjffs2.a(mini_inflate.o)
 *fill*         0x01048113        0x1 00
 .rodata        0x01048114      0x110 fs/ubifs/libubifs.a(ubifs.o)
 .rodata        0x01048224       0xbc fs/ubifs/libubifs.a(super.o)
 .rodata        0x010482e0       0x24 fs/ubifs/libubifs.a(sb.o)
 .rodata        0x01048304       0x24 fs/ubifs/libubifs.a(master.o)
 .rodata        0x01048328       0x54 fs/ubifs/libubifs.a(lpt.o)
 .rodata        0x0104837c       0x4f fs/ubifs/libubifs.a(scan.o)
 *fill*         0x010483cb        0x1 00
 .rodata        0x010483cc       0x1c fs/ubifs/libubifs.a(lprops.o)
 .rodata        0x010483e8       0x47 fs/ubifs/libubifs.a(tnc.o)
 *fill*         0x0104842f        0x1 00
 .rodata        0x01048430       0x1f fs/ubifs/libubifs.a(tnc_misc.o)
 *fill*         0x0104844f        0x1 00
 .rodata        0x01048450       0x20 fs/ubifs/libubifs.a(orphan.o)
 .rodata        0x01048470       0x7e fs/ubifs/libubifs.a(recovery.o)
 *fill*         0x010484ee        0x2 00
 .rodata        0x010484f0       0xa4 fs/ubifs/libubifs.a(replay.o)
 .rodata        0x01048594       0x40 fs/ubifs/libubifs.a(io.o)
 .rodata        0x010485d4       0x12 drivers/mtd/libmtd.a(mtdpart.o)
 *fill*         0x010485e6        0x2 00
 .rodata        0x010485e8       0x59 drivers/mtd/ubi/libubi.a(build.o)
 *fill*         0x01048641        0x3 00
 .rodata        0x01048644       0x69 drivers/mtd/ubi/libubi.a(vtbl.o)
 *fill*         0x010486ad        0x3 00
 .rodata        0x010486b0       0x26 drivers/mtd/ubi/libubi.a(vmt.o)
 *fill*         0x010486d6        0x2 00
 .rodata        0x010486d8       0x20 drivers/mtd/ubi/libubi.a(kapi.o)
 .rodata        0x010486f8       0x99 drivers/mtd/ubi/libubi.a(eba.o)
 *fill*         0x01048791        0x3 00
 .rodata        0x01048794       0xbb drivers/mtd/ubi/libubi.a(io.o)
 *fill*         0x0104884f        0x1 00
 .rodata        0x01048850       0xa9 drivers/mtd/ubi/libubi.a(wl.o)
 *fill*         0x010488f9        0x3 00
 .rodata        0x010488fc       0x7b drivers/mtd/ubi/libubi.a(scan.o)
 *fill*         0x01048977        0x1 00
 .rodata        0x01048978      0x400 drivers/mtd/ubi/libubi.a(crc32.o)
 .rodata        0x01048d78       0x1c drivers/net/libnet.a(tsec.o)
 .rodata.str1.4
                0x01048d94      0x256 cpu/mpc83xx/libmpc83xx.a(traps.o)
 *fill*         0x01048fea        0x2 00
 .rodata.str1.4
                0x01048fec       0x9f cpu/mpc83xx/libmpc83xx.a(cpu_init.o)
                                 0xab (size before relaxing)
 *fill*         0x0104908b        0x1 00
 .rodata.str1.4
                0x0104908c      0x1cb cpu/mpc83xx/libmpc83xx.a(speed.o)
                                0x1d3 (size before relaxing)
 *fill*         0x01049257        0x1 00
 .rodata.str1.4
                0x01049258       0xbc lib_ppc/libppc.a(board.o)
                                 0xc0 (size before relaxing)
 .rodata.str1.4
                0x01049314       0xc8 net/libnet.a(eth.o)
                                 0xd8 (size before relaxing)
 .rodata.str1.4
                0x010493dc      0x23d net/libnet.a(net.o)
                                0x245 (size before relaxing)
 *fill*         0x01049619        0x3 00
 .rodata.str1.4
                0x0104961c      0x190 net/libnet.a(nfs.o)
                                0x1a8 (size before relaxing)
 .rodata.str1.4
                0x010497ac       0x4b net/libnet.a(rarp.o)
 *fill*         0x010497f7        0x1 00
 .rodata.str1.4
                0x010497f8      0x165 net/libnet.a(tftp.o)
                                0x215 (size before relaxing)
 *fill*         0x0104995d        0x3 00
 .rodata.str1.4
                0x01049960       0x74 net/libnet.a(bootp.o)
                                 0xb7 (size before relaxing)
 .rodata.str1.4
                0x010499d4       0x10 drivers/mtd/nand/libnand.a(nand.o)
 .rodata.str1.4
                0x010499e4      0x301 drivers/mtd/nand/libnand.a(nand_base.o)
 *fill*         0x01049ce5        0x3 00
 .rodata.str1.4
                0x01049ce8      0x318 drivers/mtd/nand/libnand.a(nand_bbt.o)
 .rodata.str1.4
                0x0104a000      0x36c drivers/mtd/nand/libnand.a(nand_ids.o)
 .rodata.str1.4
                0x0104a36c      0x160 drivers/mtd/nand/libnand.a(fsl_elbc_nand.o)
 .rodata.str1.4
                0x0104a4cc      0x113 common/libcommon.a(cmd_bdinfo.o)
                                0x11d (size before relaxing)
 *fill*         0x0104a5df        0x1 00
 .rodata.str1.4
                0x0104a5e0       0xf5 common/libcommon.a(cmd_boot.o)
                                 0xf9 (size before relaxing)
 *fill*         0x0104a6d5        0x3 00
 .rodata.str1.4
                0x0104a6d8      0xa25 common/libcommon.a(cmd_bootm.o)
                                0xa55 (size before relaxing)
 *fill*         0x0104b0fd        0x3 00
 .rodata.str1.4
                0x0104b100       0x62 common/libcommon.a(cmd_console.o)
                                 0x65 (size before relaxing)
 *fill*         0x0104b162        0x2 00
 .rodata.str1.4
                0x0104b164      0x997 common/libcommon.a(cmd_fdt.o)
                                0x9c3 (size before relaxing)
 *fill*         0x0104bafb        0x1 00
 .rodata.str1.4
                0x0104bafc       0xbe common/libcommon.a(cmd_itest.o)
                                 0xc6 (size before relaxing)
 *fill*         0x0104bbba        0x2 00
 .rodata.str1.4
                0x0104bbbc      0x1d4 common/libcommon.a(cmd_jffs2.o)
                                0x1f5 (size before relaxing)
 .rodata.str1.4
                0x0104bd90      0x370 common/libcommon.a(cmd_load.o)
                                0x390 (size before relaxing)
 .rodata.str1.4
                0x0104c100      0x4d5 common/libcommon.a(cmd_mem.o)
                                0x4e5 (size before relaxing)
 *fill*         0x0104c5d5        0x3 00
 .rodata.str1.4
                0x0104c5d8      0x7c3 common/libcommon.a(cmd_mii.o)
                                0x7db (size before relaxing)
 *fill*         0x0104cd9b        0x1 00
 .rodata.str1.4
                0x0104cd9c       0x63 common/libcommon.a(cmd_misc.o)
 *fill*         0x0104cdff        0x1 00
 .rodata.str1.4
                0x0104ce00      0xd83 common/libcommon.a(cmd_mtdparts.o)
                                0xdeb (size before relaxing)
 *fill*         0x0104db83        0x1 00
 .rodata.str1.4
                0x0104db84      0x828 common/libcommon.a(cmd_nand.o)
                                0x854 (size before relaxing)
 .rodata.str1.4
                0x0104e3ac      0x1d8 common/libcommon.a(cmd_net.o)
                                0x21c (size before relaxing)
 .rodata.str1.4
                0x0104e584      0x35a common/libcommon.a(cmd_nvedit.o)
                                0x3ca (size before relaxing)
 *fill*         0x0104e8de        0x2 00
 .rodata.str1.4
                0x0104e8e0      0x10e common/libcommon.a(cmd_source.o)
                                0x116 (size before relaxing)
 *fill*         0x0104e9ee        0x2 00
 .rodata.str1.4
                0x0104e9f0      0xac2 common/libcommon.a(cmd_ubi.o)
                                0xb2e (size before relaxing)
 *fill*         0x0104f4b2        0x2 00
 .rodata.str1.4
                0x0104f4b4      0x173 common/libcommon.a(cmd_ubifs.o)
                                0x177 (size before relaxing)
 *fill*         0x0104f627        0x1 00
 .rodata.str1.4
                0x0104f628      0x119 common/libcommon.a(cmd_ximg.o)
                                0x1b9 (size before relaxing)
 *fill*         0x0104f741        0x3 00
 .rodata.str1.4
                0x0104f744      0x2dd common/libcommon.a(command.o)
                                0x309 (size before relaxing)
 *fill*         0x0104fa21        0x3 00
 .rodata.str1.4
                0x0104fa24       0x75 common/libcommon.a(console.o)
                                 0x79 (size before relaxing)
 *fill*         0x0104fa99        0x3 00
 .rodata.str1.4
                0x0104fa9c       0x33 common/libcommon.a(env_common.o)
 *fill*         0x0104facf        0x1 00
 .rodata.str1.4
                0x0104fad0       0x7d common/libcommon.a(env_nand.o)
 *fill*         0x0104fb4d        0x3 00
 .rodata.str1.4
                0x0104fb50      0x316 common/libcommon.a(fdt_support.o)
                                0x336 (size before relaxing)
 *fill*         0x0104fe66        0x2 00
 .rodata.str1.4
                0x0104fe68      0x271 common/libcommon.a(hush.o)
                                0x2a1 (size before relaxing)
 *fill*         0x010500d9        0x3 00
 .rodata.str1.4
                0x010500dc      0x76f common/libcommon.a(image.o)
                                0x817 (size before relaxing)
 *fill*         0x0105084b        0x1 00
 .rodata.str1.4
                0x0105084c       0x78 common/libcommon.a(main.o)
                                 0xe4 (size before relaxing)
 .rodata.str1.4
                0x010508c4      0x152 common/libcommon.a(miiphyutil.o)
                                0x156 (size before relaxing)
 *fill*         0x01050a16        0x2 00
 .rodata.str1.4
                0x01050a18        0x7 common/libcommon.a(stdio.o)
                                 0x1f (size before relaxing)
 *fill*         0x01050a1f        0x1 00
 .rodata.str1.4
                0x01050a20       0xf1 common/libcommon.a(xyzModem.o)
                                 0xf6 (size before relaxing)
 *fill*         0x01050b11        0x3 00
 .rodata.str1.4
                0x01050b14        0xe libfdt/libfdt.a(fdt_ro.o)
                                 0x25 (size before relaxing)
 *fill*         0x01050b22        0x2 00
 .rodata.str1.4
                0x01050b24      0x106 libfdt/libfdt.a(fdt_strerror.o)
 *fill*         0x01050c2a        0x2 00
 .rodata.str1.4
                0x01050c2c      0x10d board/freescale/mpc8308edd/libmpc8308edd.a(mpc8308edd.o)
                                0x119 (size before relaxing)
 *fill*         0x01050d39        0x3 00
 .rodata.str1.4
                0x01050d3c       0x2b board/freescale/mpc8308edd/libmpc8308edd.a(sdram.o)
 *fill*         0x01050d67        0x1 00
 .rodata.str1.4
                0x01050d68       0x1f lib_generic/libgeneric.a(display_options.o)
                                 0x45 (size before relaxing)
 *fill*         0x01050d87        0x1 00
 .rodata.str1.4
                0x01050d88       0x8d lib_generic/libgeneric.a(gunzip.o)
 *fill*         0x01050e15        0x3 00
 .rodata.str1.4
                0x01050e18       0x34 lib_generic/libgeneric.a(lmb.o)
 .rodata.str1.4
                0x01050e4c        0xb lib_generic/libgeneric.a(strmhz.o)
 *fill*         0x01050e57        0x1 00
 .rodata.str1.4
                0x01050e58        0xf lib_generic/libgeneric.a(vsprintf.o)
 *fill*         0x01050e67        0x1 00
 .rodata.str1.4
                0x01050e68      0x23d lib_generic/libgeneric.a(zlib.o)
                                0x241 (size before relaxing)
 *fill*         0x010510a5        0x3 00
 .rodata.str1.4
                0x010510a8       0xd5 cpu/mpc83xx/libmpc83xx.a(cpu.o)
                                 0xdd (size before relaxing)
 *fill*         0x0105117d        0x3 00
 .rodata.str1.4
                0x01051180       0x54 cpu/mpc83xx/libmpc83xx.a(fdt.o)
                                 0x64 (size before relaxing)
 .rodata.str1.4
                0x010511d4       0x9f lib_ppc/libppc.a(bootm.o)
                                 0xcd (size before relaxing)
 *fill*         0x01051273        0x1 00
 .rodata.str1.4
                0x01051274      0x388 fs/jffs2/libjffs2.a(jffs2_1pass.o)
                                0x3a4 (size before relaxing)
 .rodata.str1.4
                0x010515fc      0x2e3 fs/ubifs/libubifs.a(ubifs.o)
                                0x30f (size before relaxing)
 *fill*         0x010518df        0x1 00
 .rodata.str1.4
                0x010518e0      0x6aa fs/ubifs/libubifs.a(super.o)
 *fill*         0x01051f8a        0x2 00
 .rodata.str1.4
                0x01051f8c      0x2a4 fs/ubifs/libubifs.a(sb.o)
 .rodata.str1.4
                0x01052230       0x79 fs/ubifs/libubifs.a(master.o)
 *fill*         0x010522a9        0x3 00
 .rodata.str1.4
                0x010522ac      0x15c fs/ubifs/libubifs.a(lpt.o)
 .rodata.str1.4
                0x01052408      0x12a fs/ubifs/libubifs.a(scan.o)
 *fill*         0x01052532        0x2 00
 .rodata.str1.4
                0x01052534      0x215 fs/ubifs/libubifs.a(tnc.o)
                                0x219 (size before relaxing)
 *fill*         0x01052749        0x3 00
 .rodata.str1.4
                0x0105274c       0x44 fs/ubifs/libubifs.a(tnc_misc.o)
                                 0x7c (size before relaxing)
 .rodata.str1.4
                0x01052790       0xd7 fs/ubifs/libubifs.a(orphan.o)
 *fill*         0x01052867        0x1 00
 .rodata.str1.4
                0x01052868       0xee fs/ubifs/libubifs.a(recovery.o)
                                0x19a (size before relaxing)
 *fill*         0x01052956        0x2 00
 .rodata.str1.4
                0x01052958      0x2da fs/ubifs/libubifs.a(replay.o)
                                0x302 (size before relaxing)
 *fill*         0x01052c32        0x2 00
 .rodata.str1.4
                0x01052c34      0x200 fs/ubifs/libubifs.a(io.o)
                                0x2e3 (size before relaxing)
 .rodata.str1.4
                0x01052e34       0x54 drivers/mtd/libmtd.a(mtdcore.o)
 .rodata.str1.4
                0x01052e88      0x1e2 drivers/mtd/libmtd.a(mtdpart.o)
                                0x20a (size before relaxing)
 *fill*         0x0105306a        0x2 00
 .rodata.str1.4
                0x0105306c      0x2b0 drivers/mtd/nand/libnand.a(nand_util.o)
                                0x2b2 (size before relaxing)
 .rodata.str1.4
                0x0105331c      0x55f drivers/mtd/ubi/libubi.a(build.o)
                                0x837 (size before relaxing)
 *fill*         0x0105387b        0x1 00
 .rodata.str1.4
                0x0105387c      0x363 drivers/mtd/ubi/libubi.a(vtbl.o)
                                0x367 (size before relaxing)
 *fill*         0x01053bdf        0x1 00
 .rodata.str1.4
                0x01053be0       0x3a drivers/mtd/ubi/libubi.a(vmt.o)
                                 0x8a (size before relaxing)
 *fill*         0x01053c1a        0x2 00
 .rodata.str1.4
                0x01053c1c       0x2e drivers/mtd/ubi/libubi.a(kapi.o)
                                 0x6a (size before relaxing)
 *fill*         0x01053c4a        0x2 00
 .rodata.str1.4
                0x01053c4c      0x3f1 drivers/mtd/ubi/libubi.a(eba.o)
 *fill*         0x0105403d        0x3 00
 .rodata.str1.4
                0x01054040      0x53c drivers/mtd/ubi/libubi.a(io.o)
 .rodata.str1.4
                0x0105457c      0x2df drivers/mtd/ubi/libubi.a(wl.o)
                                0x38d (size before relaxing)
 *fill*         0x0105485b        0x1 00
 .rodata.str1.4
                0x0105485c      0x2e0 drivers/mtd/ubi/libubi.a(scan.o)
                                0x308 (size before relaxing)
 .rodata.str1.4
                0x01054b3c      0x38b drivers/net/libnet.a(tsec.o)
                                0x39b (size before relaxing)
 *fill*         0x01054ec7        0x1 00
 .rodata.str1.4
                0x01054ec8        0xc common/libcommon.a(hwconfig.o)
                                  0x9 (size before relaxing)
 .rodata        0x01054ed4      0x200 lib_generic/libgeneric.a(crc16.o)
 .rodata        0x010550d4      0x200 fs/ubifs/libubifs.a(crc16.o)
                0x010550d4                crc16_table

.fini
 *(.fini)

.ctors
 *(.ctors)

.dtors
 *(.dtors)
                0x01056000                . = ((. + 0xfff) & 0xfffff000)
                0x01056000                _erotext = .
                0x01056000                PROVIDE (erotext, .)

.reloc          0x01056000     0x2b50
 *(.got)
                0x01056000                _GOT2_TABLE_ = .
 *(.got2)
 .got2          0x01056000       0x20 cpu/mpc83xx/start.o
 .got2          0x01056020       0x4c cpu/mpc83xx/libmpc83xx.a(traps.o)
 .got2          0x0105606c       0x18 cpu/mpc83xx/libmpc83xx.a(cpu_init.o)
 .got2          0x01056084       0x38 cpu/mpc83xx/libmpc83xx.a(speed.o)
 .got2          0x010560bc        0x0 cpu/mpc83xx/libmpc83xx.a(interrupts.o)
 .got2          0x010560bc       0x4c lib_ppc/libppc.a(board.o)
 .got2          0x01056108        0x8 lib_ppc/libppc.a(extable.o)
 .got2          0x01056110        0x4 lib_ppc/libppc.a(interrupts.o)
 .got2          0x01056114        0x0 lib_ppc/libppc.a(time.o)
 .got2          0x01056114       0x48 net/libnet.a(eth.o)
 .got2          0x0105615c      0x110 net/libnet.a(net.o)
 .got2          0x0105626c       0x88 net/libnet.a(nfs.o)
 .got2          0x010562f4       0x30 net/libnet.a(rarp.o)
 .got2          0x01056324       0xb0 net/libnet.a(tftp.o)
 .got2          0x010563d4       0x74 net/libnet.a(bootp.o)
 .got2          0x01056448       0x18 drivers/mtd/nand/libnand.a(nand.o)
 .got2          0x01056460      0x114 drivers/mtd/nand/libnand.a(nand_base.o)
 .got2          0x01056574       0x48 drivers/mtd/nand/libnand.a(nand_bbt.o)
 .got2          0x010565bc        0x4 drivers/mtd/nand/libnand.a(nand_ecc.o)
 .got2          0x010565c0        0x0 drivers/mtd/nand/libnand.a(nand_ids.o)
 .got2          0x010565c0       0x4c drivers/mtd/nand/libnand.a(fsl_elbc_nand.o)
 .got2          0x0105660c        0x4 drivers/serial/libserial.a(serial.o)
 .got2          0x01056610        0x0 drivers/serial/libserial.a(ns16550.o)
 .got2          0x01056610       0x4c common/libcommon.a(cmd_bdinfo.o)
 .got2          0x0105665c        0x8 common/libcommon.a(cmd_boot.o)
 .got2          0x01056664       0xc4 common/libcommon.a(cmd_bootm.o)
 .got2          0x01056728       0x14 common/libcommon.a(cmd_console.o)
 .got2          0x0105673c      0x11c common/libcommon.a(cmd_fdt.o)
 .got2          0x01056858       0x14 common/libcommon.a(cmd_itest.o)
 .got2          0x0105686c       0x44 common/libcommon.a(cmd_jffs2.o)
 .got2          0x010568b0       0x84 common/libcommon.a(cmd_load.o)
 .got2          0x01056934       0x70 common/libcommon.a(cmd_mem.o)
 .got2          0x010569a4       0x98 common/libcommon.a(cmd_mii.o)
 .got2          0x01056a3c        0x0 common/libcommon.a(cmd_misc.o)
 .got2          0x01056a3c      0x154 common/libcommon.a(cmd_mtdparts.o)
 .got2          0x01056b90      0x104 common/libcommon.a(cmd_nand.o)
 .got2          0x01056c94       0x64 common/libcommon.a(cmd_net.o)
 .got2          0x01056cf8       0x60 common/libcommon.a(cmd_nvedit.o)
 .got2          0x01056d58       0x20 common/libcommon.a(cmd_source.o)
 .got2          0x01056d78      0x158 common/libcommon.a(cmd_ubi.o)
 .got2          0x01056ed0       0x10 common/libcommon.a(cmd_ubifs.o)
 .got2          0x01056ee0       0x3c common/libcommon.a(cmd_ximg.o)
 .got2          0x01056f1c       0x60 common/libcommon.a(command.o)
 .got2          0x01056f7c       0x2c common/libcommon.a(console.o)
 .got2          0x01056fa8       0x18 common/libcommon.a(dlmalloc.o)
 .got2          0x01056fc0        0xc common/libcommon.a(env_common.o)
 .got2          0x01056fcc       0x20 common/libcommon.a(env_nand.o)
 .got2          0x01056fec       0x34 common/libcommon.a(exports.o)
 .got2          0x01057020       0x9c common/libcommon.a(fdt_support.o)
 .got2          0x010570bc       0x8c common/libcommon.a(hush.o)
 .got2          0x01057148       0xe4 common/libcommon.a(image.o)
 .got2          0x0105722c       0x50 common/libcommon.a(main.o)
 .got2          0x0105727c       0x40 common/libcommon.a(miiphyutil.o)
 .got2          0x010572bc        0x4 common/libcommon.a(s_record.o)
 .got2          0x010572c0       0x18 common/libcommon.a(stdio.o)
 .got2          0x010572d8       0x3c common/libcommon.a(xyzModem.o)
 .got2          0x01057314        0x4 libfdt/libfdt.a(fdt.o)
 .got2          0x01057318        0xc libfdt/libfdt.a(fdt_ro.o)
 .got2          0x01057324        0x0 libfdt/libfdt.a(fdt_rw.o)
 .got2          0x01057324       0x10 libfdt/libfdt.a(fdt_strerror.o)
 .got2          0x01057334        0x0 libfdt/libfdt.a(fdt_wip.o)
 .got2          0x01057334       0x30 board/freescale/mpc8308edd/libmpc8308edd.a(mpc8308edd.o)
 .got2          0x01057364        0x4 board/freescale/mpc8308edd/libmpc8308edd.a(sdram.o)
 .got2          0x01057368        0x4 lib_generic/libgeneric.a(crc16.o)
 .got2          0x0105736c        0x4 lib_generic/libgeneric.a(crc32.o)
 .got2          0x01057370        0x0 lib_generic/libgeneric.a(ctype.o)
 .got2          0x01057370       0x2c lib_generic/libgeneric.a(display_options.o)
 .got2          0x0105739c       0x1c lib_generic/libgeneric.a(gunzip.o)
 .got2          0x010573b8        0x4 lib_generic/libgeneric.a(lmb.o)
 .got2          0x010573bc        0x4 lib_generic/libgeneric.a(string.o)
 .got2          0x010573c0        0x8 lib_generic/libgeneric.a(strmhz.o)
 .got2          0x010573c8       0x14 lib_generic/libgeneric.a(vsprintf.o)
 .got2          0x010573dc       0x58 lib_generic/libgeneric.a(zlib.o)
 .got2          0x01057434        0x0 lib_generic/libgeneric.a(div64.o)
 .got2          0x01057434       0x44 cpu/mpc83xx/libmpc83xx.a(cpu.o)
 .got2          0x01057478       0x24 cpu/mpc83xx/libmpc83xx.a(fdt.o)
 .got2          0x0105749c       0x1c lib_ppc/libppc.a(bootm.o)
 .got2          0x010574b8        0x0 lib_ppc/libppc.a(cache.o)
 .got2          0x010574b8       0x98 fs/jffs2/libjffs2.a(jffs2_1pass.o)
 .got2          0x01057550        0x0 fs/jffs2/libjffs2.a(compr_rtime.o)
 .got2          0x01057550        0x0 fs/jffs2/libjffs2.a(compr_rubin.o)
 .got2          0x01057550        0x4 fs/jffs2/libjffs2.a(compr_zlib.o)
 .got2          0x01057554        0x4 fs/jffs2/libjffs2.a(mini_inflate.o)
 .got2          0x01057558       0x74 fs/ubifs/libubifs.a(ubifs.o)
 .got2          0x010575cc       0xa4 fs/ubifs/libubifs.a(super.o)
 .got2          0x01057670       0x34 fs/ubifs/libubifs.a(sb.o)
 .got2          0x010576a4        0xc fs/ubifs/libubifs.a(master.o)
 .got2          0x010576b0       0x1c fs/ubifs/libubifs.a(lpt.o)
 .got2          0x010576cc        0x0 fs/ubifs/libubifs.a(lpt_commit.o)
 .got2          0x010576cc       0x18 fs/ubifs/libubifs.a(scan.o)
 .got2          0x010576e4        0x4 fs/ubifs/libubifs.a(lprops.o)
 .got2          0x010576e8       0x2c fs/ubifs/libubifs.a(tnc.o)
 .got2          0x01057714        0xc fs/ubifs/libubifs.a(tnc_misc.o)
 .got2          0x01057720        0x4 fs/ubifs/libubifs.a(crc16.o)
 .got2          0x01057724        0x0 fs/ubifs/libubifs.a(budget.o)
 .got2          0x01057724       0x10 fs/ubifs/libubifs.a(orphan.o)
 .got2          0x01057734       0x20 fs/ubifs/libubifs.a(recovery.o)
 .got2          0x01057754       0x54 fs/ubifs/libubifs.a(replay.o)
 .got2          0x010577a8       0x34 fs/ubifs/libubifs.a(io.o)
 .got2          0x010577dc        0x0 fs/ubifs/libubifs.a(log.o)
 .got2          0x010577dc       0x10 drivers/mtd/libmtd.a(mtdcore.o)
 .got2          0x010577ec       0x7c drivers/mtd/libmtd.a(mtdpart.o)
 .got2          0x01057868       0x4c drivers/mtd/nand/libnand.a(nand_util.o)
 .got2          0x010578b4       0xcc drivers/mtd/ubi/libubi.a(build.o)
 .got2          0x01057980       0x50 drivers/mtd/ubi/libubi.a(vtbl.o)
 .got2          0x010579d0       0x1c drivers/mtd/ubi/libubi.a(vmt.o)
 .got2          0x010579ec        0x0 drivers/mtd/ubi/libubi.a(upd.o)
 .got2          0x010579ec        0xc drivers/mtd/ubi/libubi.a(kapi.o)
 .got2          0x010579f8       0x54 drivers/mtd/ubi/libubi.a(eba.o)
 .got2          0x01057a4c       0x68 drivers/mtd/ubi/libubi.a(io.o)
 .got2          0x01057ab4       0x64 drivers/mtd/ubi/libubi.a(wl.o)
 .got2          0x01057b18       0x48 drivers/mtd/ubi/libubi.a(scan.o)
 .got2          0x01057b60        0x4 drivers/mtd/ubi/libubi.a(crc32.o)
 .got2          0x01057b64        0x0 drivers/mtd/ubi/libubi.a(misc.o)
 .got2          0x01057b64       0x88 drivers/net/libnet.a(tsec.o)
 .got2          0x01057bec        0xc common/libcommon.a(hwconfig.o)
 .got2          0x01057bf8        0x0 lib_generic/libgeneric.a(rbtree.o)
 .got2          0x01057bf8        0x0 lib_generic/lzo/liblzo.a(lzo1x_decompress.o)
 .got2          0x01057bf8        0x0 /home/freddie/Compiler_PowerPC/usr/bin/../lib/gcc/powerpc-linux/4.2.2/m603/pic/libgcc.a(_lshrdi3.o)
 .got2          0x01057bf8        0x0 /home/freddie/Compiler_PowerPC/usr/bin/../lib/gcc/powerpc-linux/4.2.2/m603/pic/libgcc.a(_ashldi3.o)
 .got2          0x01057bf8        0x0 /home/freddie/Compiler_PowerPC/usr/bin/../lib/gcc/powerpc-linux/4.2.2/m603/pic/libgcc.a(_ashrdi3.o)
                0x01057bf8                _FIXUP_TABLE_ = .
 *(.fixup)
 .fixup         0x01057bf8       0x20 cpu/mpc83xx/libmpc83xx.a(cpu_init.o)
 .fixup         0x01057c18       0x10 cpu/mpc83xx/libmpc83xx.a(speed.o)
 .fixup         0x01057c28       0x34 lib_ppc/libppc.a(board.o)
 .fixup         0x01057c5c       0x1c drivers/mtd/nand/libnand.a(nand_bbt.o)
 .fixup         0x01057c78       0xdc drivers/mtd/nand/libnand.a(nand_ids.o)
 .fixup         0x01057d54        0xc drivers/mtd/nand/libnand.a(fsl_elbc_nand.o)
 .fixup         0x01057d60       0x10 common/libcommon.a(cmd_bdinfo.o)
 .fixup         0x01057d70       0x20 common/libcommon.a(cmd_boot.o)
 .fixup         0x01057d90       0xac common/libcommon.a(cmd_bootm.o)
 .fixup         0x01057e3c       0x10 common/libcommon.a(cmd_console.o)
 .fixup         0x01057e4c       0x10 common/libcommon.a(cmd_fdt.o)
 .fixup         0x01057e5c       0x44 common/libcommon.a(cmd_itest.o)
 .fixup         0x01057ea0       0x30 common/libcommon.a(cmd_jffs2.o)
 .fixup         0x01057ed0       0x30 common/libcommon.a(cmd_load.o)
 .fixup         0x01057f00       0xa0 common/libcommon.a(cmd_mem.o)
 .fixup         0x01057fa0      0x118 common/libcommon.a(cmd_mii.o)
 .fixup         0x010580b8       0x10 common/libcommon.a(cmd_misc.o)
 .fixup         0x010580c8       0x28 common/libcommon.a(cmd_mtdparts.o)
 .fixup         0x010580f0       0x20 common/libcommon.a(cmd_nand.o)
 .fixup         0x01058110       0x50 common/libcommon.a(cmd_net.o)
 .fixup         0x01058160       0x50 common/libcommon.a(cmd_nvedit.o)
 .fixup         0x010581b0       0x10 common/libcommon.a(cmd_source.o)
 .fixup         0x010581c0       0x10 common/libcommon.a(cmd_ubi.o)
 .fixup         0x010581d0       0x30 common/libcommon.a(cmd_ubifs.o)
 .fixup         0x01058200       0x10 common/libcommon.a(cmd_ximg.o)
 .fixup         0x01058210       0x60 common/libcommon.a(command.o)
 .fixup         0x01058270      0x400 common/libcommon.a(dlmalloc.o)
 .fixup         0x01058670        0x4 common/libcommon.a(env_nand.o)
 .fixup         0x01058674       0x3c common/libcommon.a(hush.o)
 .fixup         0x010586b0      0x144 common/libcommon.a(image.o)
 .fixup         0x010587f4        0xc common/libcommon.a(stdio.o)
 .fixup         0x01058800       0x2c libfdt/libfdt.a(fdt_strerror.o)
 .fixup         0x0105882c       0x28 lib_generic/libgeneric.a(zlib.o)
 .fixup         0x01058854       0x20 fs/jffs2/libjffs2.a(jffs2_1pass.o)
 .fixup         0x01058874       0x20 fs/ubifs/libubifs.a(ubifs.o)
 .fixup         0x01058894        0x8 fs/ubifs/libubifs.a(super.o)
 .fixup         0x0105889c      0x2b4 drivers/net/libnet.a(tsec.o)
                0x000006fe                __got2_entries = ((_FIXUP_TABLE_ - _GOT2_TABLE_) >> 0x2)
                0x000003d6                __fixup_entries = ((. - _FIXUP_TABLE_) >> 0x2)

.data           0x01058b50     0x1018
 *(.data)
 .data          0x01058b50        0x0 cpu/mpc83xx/start.o
 .data          0x01058b50        0x0 cpu/mpc83xx/libmpc83xx.a(traps.o)
 .data          0x01058b50        0x0 cpu/mpc83xx/libmpc83xx.a(cpu_init.o)
 .data          0x01058b50       0xe0 cpu/mpc83xx/libmpc83xx.a(speed.o)
                0x01058b50                corecnf_tab
 .data          0x01058c30        0x0 cpu/mpc83xx/libmpc83xx.a(interrupts.o)
 .data          0x01058c30        0x0 lib_ppc/libppc.a(ppcstring.o)
 .data          0x01058c30        0x0 lib_ppc/libppc.a(board.o)
 .data          0x01058c30        0x0 lib_ppc/libppc.a(extable.o)
 .data          0x01058c30        0x0 lib_ppc/libppc.a(interrupts.o)
 .data          0x01058c30        0x0 lib_ppc/libppc.a(time.o)
 .data          0x01058c30        0x0 lib_ppc/libppc.a(ticks.o)
 .data          0x01058c30        0x0 net/libnet.a(eth.o)
 .data          0x01058c30        0x0 net/libnet.a(net.o)
 .data          0x01058c30        0x4 net/libnet.a(nfs.o)
 .data          0x01058c34        0x0 net/libnet.a(rarp.o)
 .data          0x01058c34        0xe net/libnet.a(tftp.o)
 .data          0x01058c42        0x0 net/libnet.a(bootp.o)
 .data          0x01058c42        0x0 drivers/mtd/nand/libnand.a(nand.o)
 *fill*         0x01058c42        0x2 00
 .data          0x01058c44      0x520 drivers/mtd/nand/libnand.a(nand_base.o)
 .data          0x01059164       0x12 drivers/mtd/nand/libnand.a(nand_bbt.o)
 .data          0x01059176        0x0 drivers/mtd/nand/libnand.a(nand_ecc.o)
 .data          0x01059176        0x0 drivers/mtd/nand/libnand.a(nand_ids.o)
 *fill*         0x01059176        0x2 00
 .data          0x01059178      0x52c drivers/mtd/nand/libnand.a(fsl_elbc_nand.o)
 .data          0x010596a4        0x0 drivers/serial/libserial.a(serial.o)
 .data          0x010596a4        0x0 drivers/serial/libserial.a(ns16550.o)
 .data          0x010596a4        0x0 common/libcommon.a(cmd_bdinfo.o)
 .data          0x010596a4        0x0 common/libcommon.a(cmd_boot.o)
 .data          0x010596a4        0x0 common/libcommon.a(cmd_bootm.o)
 .data          0x010596a4        0x0 common/libcommon.a(cmd_console.o)
 .data          0x010596a4       0x25 common/libcommon.a(cmd_fdt.o)
 .data          0x010596c9        0x0 common/libcommon.a(cmd_itest.o)
 .data          0x010596c9        0x0 common/libcommon.a(cmd_jffs2.o)
 *fill*         0x010596c9        0x3 00
 .data          0x010596cc        0x4 common/libcommon.a(cmd_load.o)
 .data          0x010596d0        0x0 common/libcommon.a(cmd_mem.o)
 .data          0x010596d0        0x0 common/libcommon.a(cmd_mii.o)
 .data          0x010596d0        0x0 common/libcommon.a(cmd_misc.o)
 .data          0x010596d0        0x0 common/libcommon.a(cmd_mtdparts.o)
 .data          0x010596d0        0x0 common/libcommon.a(cmd_nand.o)
 .data          0x010596d0        0x0 common/libcommon.a(cmd_net.o)
 .data          0x010596d0        0x4 common/libcommon.a(cmd_nvedit.o)
 .data          0x010596d4        0x0 common/libcommon.a(cmd_source.o)
 .data          0x010596d4        0x0 common/libcommon.a(cmd_ubi.o)
 .data          0x010596d4        0x0 common/libcommon.a(cmd_ubifs.o)
 .data          0x010596d4        0x0 common/libcommon.a(cmd_ximg.o)
 .data          0x010596d4        0x0 common/libcommon.a(command.o)
 .data          0x010596d4        0x0 common/libcommon.a(console.o)
 .data          0x010596d4        0xc common/libcommon.a(dlmalloc.o)
 .data          0x010596e0      0x1c9 common/libcommon.a(env_common.o)
                0x010596e0                default_environment
 .data          0x010598a9        0x0 common/libcommon.a(env_nand.o)
 .data          0x010598a9        0x0 common/libcommon.a(exports.o)
 .data          0x010598a9        0x0 common/libcommon.a(fdt_support.o)
 .data          0x010598a9        0x0 common/libcommon.a(hush.o)
 .data          0x010598a9        0x0 common/libcommon.a(image.o)
 *fill*         0x010598a9        0x3 00
 .data          0x010598ac       0x14 common/libcommon.a(main.o)
 .data          0x010598c0        0x0 common/libcommon.a(miiphyutil.o)
 .data          0x010598c0        0x0 common/libcommon.a(s_record.o)
 .data          0x010598c0        0x0 common/libcommon.a(stdio.o)
 .data          0x010598c0        0x0 common/libcommon.a(xyzModem.o)
 .data          0x010598c0        0x0 libfdt/libfdt.a(fdt.o)
 .data          0x010598c0        0x0 libfdt/libfdt.a(fdt_ro.o)
 .data          0x010598c0        0x0 libfdt/libfdt.a(fdt_rw.o)
 .data          0x010598c0        0x0 libfdt/libfdt.a(fdt_strerror.o)
 .data          0x010598c0        0x0 libfdt/libfdt.a(fdt_wip.o)
 .data          0x010598c0        0x0 board/freescale/mpc8308edd/libmpc8308edd.a(mpc8308edd.o)
 .data          0x010598c0        0x0 board/freescale/mpc8308edd/libmpc8308edd.a(sdram.o)
 .data          0x010598c0        0x0 lib_generic/libgeneric.a(crc16.o)
 .data          0x010598c0        0x0 lib_generic/libgeneric.a(crc32.o)
 .data          0x010598c0      0x100 lib_generic/libgeneric.a(ctype.o)
                0x010598c0                _ctype
 .data          0x010599c0        0x0 lib_generic/libgeneric.a(display_options.o)
 .data          0x010599c0        0x0 lib_generic/libgeneric.a(gunzip.o)
 .data          0x010599c0        0x0 lib_generic/libgeneric.a(lmb.o)
 .data          0x010599c0        0x0 lib_generic/libgeneric.a(string.o)
 .data          0x010599c0        0x0 lib_generic/libgeneric.a(strmhz.o)
 .data          0x010599c0        0x0 lib_generic/libgeneric.a(vsprintf.o)
 .data          0x010599c0        0x0 lib_generic/libgeneric.a(zlib.o)
 .data          0x010599c0        0x0 lib_generic/libgeneric.a(div64.o)
 .data          0x010599c0        0x0 cpu/mpc83xx/libmpc83xx.a(cpu.o)
 .data          0x010599c0        0x0 cpu/mpc83xx/libmpc83xx.a(fdt.o)
 .data          0x010599c0        0x0 lib_ppc/libppc.a(bootm.o)
 .data          0x010599c0        0x0 lib_ppc/libppc.a(cache.o)
 .data          0x010599c0        0x0 fs/jffs2/libjffs2.a(jffs2_1pass.o)
 .data          0x010599c0        0x0 fs/jffs2/libjffs2.a(compr_rtime.o)
 .data          0x010599c0        0x0 fs/jffs2/libjffs2.a(compr_rubin.o)
 .data          0x010599c0        0x0 fs/jffs2/libjffs2.a(compr_zlib.o)
 .data          0x010599c0        0x0 fs/jffs2/libjffs2.a(mini_inflate.o)
 .data          0x010599c0        0x0 fs/ubifs/libubifs.a(ubifs.o)
 .data          0x010599c0        0x0 fs/ubifs/libubifs.a(super.o)
 .data          0x010599c0        0x0 fs/ubifs/libubifs.a(sb.o)
 .data          0x010599c0        0x0 fs/ubifs/libubifs.a(master.o)
 .data          0x010599c0        0x0 fs/ubifs/libubifs.a(lpt.o)
 .data          0x010599c0        0x0 fs/ubifs/libubifs.a(lpt_commit.o)
 .data          0x010599c0        0x0 fs/ubifs/libubifs.a(scan.o)
 .data          0x010599c0        0x0 fs/ubifs/libubifs.a(lprops.o)
 .data          0x010599c0        0x0 fs/ubifs/libubifs.a(tnc.o)
 .data          0x010599c0        0x0 fs/ubifs/libubifs.a(tnc_misc.o)
 .data          0x010599c0        0x0 fs/ubifs/libubifs.a(crc16.o)
 .data          0x010599c0        0x0 fs/ubifs/libubifs.a(budget.o)
 .data          0x010599c0        0x0 fs/ubifs/libubifs.a(orphan.o)
 .data          0x010599c0        0x0 fs/ubifs/libubifs.a(recovery.o)
 .data          0x010599c0        0x0 fs/ubifs/libubifs.a(replay.o)
 .data          0x010599c0        0x0 fs/ubifs/libubifs.a(io.o)
 .data          0x010599c0        0x0 fs/ubifs/libubifs.a(log.o)
 .data          0x010599c0        0x0 drivers/mtd/libmtd.a(mtdcore.o)
 .data          0x010599c0        0x0 drivers/mtd/libmtd.a(mtdpart.o)
 .data          0x010599c0        0x0 drivers/mtd/nand/libnand.a(nand_util.o)
 .data          0x010599c0        0x0 drivers/mtd/ubi/libubi.a(build.o)
 .data          0x010599c0        0x0 drivers/mtd/ubi/libubi.a(vtbl.o)
 .data          0x010599c0        0x0 drivers/mtd/ubi/libubi.a(vmt.o)
 .data          0x010599c0        0x0 drivers/mtd/ubi/libubi.a(upd.o)
 .data          0x010599c0        0x0 drivers/mtd/ubi/libubi.a(kapi.o)
 .data          0x010599c0        0x0 drivers/mtd/ubi/libubi.a(eba.o)
 .data          0x010599c0        0x0 drivers/mtd/ubi/libubi.a(io.o)
 .data          0x010599c0        0x0 drivers/mtd/ubi/libubi.a(wl.o)
 .data          0x010599c0        0x0 drivers/mtd/ubi/libubi.a(scan.o)
 .data          0x010599c0        0x0 drivers/mtd/ubi/libubi.a(crc32.o)
 .data          0x010599c0        0x0 drivers/mtd/ubi/libubi.a(misc.o)
 .data          0x010599c0      0x180 drivers/net/libnet.a(tsec.o)
 .data          0x01059b40        0x0 common/libcommon.a(hwconfig.o)
 .data          0x01059b40        0x0 lib_generic/libgeneric.a(rbtree.o)
 .data          0x01059b40        0x0 lib_generic/lzo/liblzo.a(lzo1x_decompress.o)
 .data          0x01059b40        0x0 /home/freddie/Compiler_PowerPC/usr/bin/../lib/gcc/powerpc-linux/4.2.2/m603/pic/libgcc.a(_lshrdi3.o)
 .data          0x01059b40        0x0 /home/freddie/Compiler_PowerPC/usr/bin/../lib/gcc/powerpc-linux/4.2.2/m603/pic/libgcc.a(_ashldi3.o)
 .data          0x01059b40        0x0 /home/freddie/Compiler_PowerPC/usr/bin/../lib/gcc/powerpc-linux/4.2.2/m603/pic/libgcc.a(_ashrdi3.o)
 *(.data1)
 *(.sdata)
 .sdata         0x01059b40        0x4 lib_ppc/libppc.a(extable.o)
                0x01059b40                ex_tab_message
 .sdata         0x01059b44        0xa net/libnet.a(net.o)
                0x01059b44                NetBcastAddr
                0x01059b4c                NetOurNativeVLAN
                0x01059b4a                NetOurVLAN
 *fill*         0x01059b4e        0x2 00
 .sdata         0x01059b50        0x8 net/libnet.a(tftp.o)
                0x01059b50                TftpRRQTimeoutMSecs
                0x01059b54                TftpRRQTimeoutCountMax
 .sdata         0x01059b58        0x4 drivers/mtd/nand/libnand.a(nand.o)
                0x01059b58                nand_curr_device
 .sdata         0x01059b5c        0x4 common/libcommon.a(cmd_bootm.o)
                0x01059b5c                load_addr
 .sdata         0x01059b60        0x4 common/libcommon.a(cmd_mem.o)
                0x01059b60                dp_last_length
 .sdata         0x01059b64        0x4 common/libcommon.a(env_nand.o)
                0x01059b64                env_name_spec
 *(.sdata2)
 *(.dynamic)
                0x01059b68                _edata = .
                0x01059b68                PROVIDE (edata, .)

.data.rel.ro.local
                0x01059b68       0xc8
 .data.rel.ro.local
                0x01059b68       0x40 cpu/mpc83xx/libmpc83xx.a(cpu_init.o)
 .data.rel.ro.local
                0x01059ba8        0x4 lib_ppc/libppc.a(board.o)
 .data.rel.ro.local
                0x01059bac        0x8 common/libcommon.a(cmd_mtdparts.o)
 .data.rel.ro.local
                0x01059bb4       0x34 libfdt/libfdt.a(fdt_strerror.o)
 .data.rel.ro.local
                0x01059be8       0x28 lib_generic/libgeneric.a(zlib.o)
                0x01059be8                z_errmsg
 .data.rel.ro.local
                0x01059c10       0x20 fs/jffs2/libjffs2.a(jffs2_1pass.o)

.data.rel       0x01059c30      0x9ac
 .data.rel      0x01059c30       0x34 lib_ppc/libppc.a(board.o)
                0x01059c30                init_sequence
 .data.rel      0x01059c64       0x4c common/libcommon.a(cmd_bootm.o)
                0x01059c64                boot_os
 .data.rel      0x01059cb0       0x30 common/libcommon.a(cmd_mii.o)
                0x01059cb0                desc_and_len_tbl
 .data.rel      0x01059ce0       0x10 fs/ubifs/libubifs.a(ubifs.o)
 .data.rel      0x01059cf0      0x8ec drivers/net/libnet.a(tsec.o)
                0x01059cf0                phy_info

.data.rel.local
                0x0105a5dc     0x1368
 .data.rel.local
                0x0105a5dc       0xfc drivers/mtd/nand/libnand.a(nand_bbt.o)
 .data.rel.local
                0x0105a6d8      0x4a0 drivers/mtd/nand/libnand.a(nand_ids.o)
                0x0105ab28                nand_manuf_ids
                0x0105a6d8                nand_flash_ids
 .data.rel.local
                0x0105ab78       0x6c drivers/mtd/nand/libnand.a(fsl_elbc_nand.o)
 .data.rel.local
                0x0105abe4       0xc0 common/libcommon.a(cmd_bootm.o)
                0x0105abe4                cmd_bootm_sub
 .data.rel.local
                0x0105aca4       0x68 common/libcommon.a(cmd_itest.o)
                0x0105aca4                op_table
 .data.rel.local
                0x0105ad0c      0x2b8 common/libcommon.a(cmd_mii.o)
                0x0105ae80                reg_3_desc_tbl
                0x0105ad3c                reg_0_desc_tbl
                0x0105aea4                reg_4_desc_tbl
                0x0105ad0c                reg_0_5_desc_tbl
                0x0105af34                reg_5_desc_tbl
                0x0105adb4                reg_1_desc_tbl
                0x0105ae74                reg_2_desc_tbl
 .data.rel.local
                0x0105afc4      0x408 common/libcommon.a(dlmalloc.o)
 .data.rel.local
                0x0105b3cc       0x84 common/libcommon.a(hush.o)
 .data.rel.local
                0x0105b450      0x1f8 common/libcommon.a(image.o)
 .data.rel.local
                0x0105b648        0xc common/libcommon.a(stdio.o)
                0x0105b648                stdio_names
 .data.rel.local
                0x0105b654       0x20 fs/ubifs/libubifs.a(ubifs.o)
 .data.rel.local
                0x0105b674       0x20 fs/ubifs/libubifs.a(super.o)
 .data.rel.local
                0x0105b694      0x2b0 drivers/net/libnet.a(tsec.o)
                0x0105b734                phy_info_M88E1111S
                0x0105b71c                phy_info_M88E1011S
                0x0105b86c                phy_info_rtl8211b
                0x0105b7c4                phy_info_VSC8244
                0x0105b83c                phy_info_generic
                0x0105b6ec                phy_info_BCM5464S
                0x0105b80c                phy_info_VSC8601
                0x0105b764                phy_info_M88E1121R
                0x0105b7f4                phy_info_VSC8221
                0x0105b6d4                phy_info_BCM5461S
                0x0105b704                phy_info_BCM5482S
                0x0105b824                phy_info_dm9161
                0x0105b794                phy_info_cis8201
                0x0105b74c                phy_info_M88E1118
                0x0105b7ac                phy_info_VSC8211
                0x0105b6bc                phy_info_M88E1149S
                0x0105b77c                phy_info_cis8204
                0x0105b854                phy_info_dp83865
                0x0105b7dc                phy_info_VSC8641
                0x0105b944                . = .
                0x0105b944                __u_boot_cmd_start = .

.u_boot_cmd     0x0105b944      0x540
 *(.u_boot_cmd)
 .u_boot_cmd    0x0105b944       0x18 cpu/mpc83xx/libmpc83xx.a(speed.o)
                0x0105b944                __u_boot_cmd_clocks
 .u_boot_cmd    0x0105b95c       0x18 common/libcommon.a(cmd_bdinfo.o)
                0x0105b95c                __u_boot_cmd_bdinfo
 .u_boot_cmd    0x0105b974       0x30 common/libcommon.a(cmd_boot.o)
                0x0105b98c                __u_boot_cmd_reset
                0x0105b974                __u_boot_cmd_go
 .u_boot_cmd    0x0105b9a4       0x60 common/libcommon.a(cmd_bootm.o)
                0x0105b9a4                __u_boot_cmd_bootm